[2025-03-06T11:16:25.675+0100][gc] Using G1
[2025-03-06T11:16:25.687+0100][gc,init] Version: 17.0.14+7-Debian-1deb12u1 (release)
[2025-03-06T11:16:25.687+0100][gc,init] CPUs: 12 total, 12 available
[2025-03-06T11:16:25.687+0100][gc,init] Memory: 63989M
[2025-03-06T11:16:25.687+0100][gc,init] Large Page Support: Disabled
[2025-03-06T11:16:25.687+0100][gc,init] NUMA Support: Disabled
[2025-03-06T11:16:25.687+0100][gc,init] Compressed Oops: Enabled (32-bit)
[2025-03-06T11:16:25.687+0100][gc,init] Heap Region Size: 1M
[2025-03-06T11:16:25.687+0100][gc,init] Heap Min Capacity: 1G
[2025-03-06T11:16:25.687+0100][gc,init] Heap Initial Capacity: 1G
[2025-03-06T11:16:25.687+0100][gc,init] Heap Max Capacity: 1G
[2025-03-06T11:16:25.687+0100][gc,init] Pre-touch: Disabled
[2025-03-06T11:16:25.687+0100][gc,init] Parallel Workers: 10
[2025-03-06T11:16:25.687+0100][gc,init] Concurrent Workers: 3
[2025-03-06T11:16:25.687+0100][gc,init] Concurrent Refinement Workers: 10
[2025-03-06T11:16:25.687+0100][gc,init] Periodic GC: Disabled
[2025-03-06T11:16:25.692+0100][gc,metaspace] CDS archive(s) mapped at: [0x00007f7fa7000000-0x00007f7fa7bc9000-0x00007f7fa7bc9000), size 12357632, SharedBaseAddress: 0x00007f7fa7000000, ArchiveRelocationMode: 1.
[2025-03-06T11:16:25.692+0100][gc,metaspace] Compressed class space mapped at: 0x00007f7fa8000000-0x00007f7fe8000000, reserved size: 1073741824
[2025-03-06T11:16:25.692+0100][gc,metaspace] Narrow klass base: 0x00007f7fa7000000, Narrow klass shift: 0, Narrow klass range: 0x100000000
[2025-03-06T11:16:26.382+0100][gc,start    ] GC(0) Pause Young (Normal) (G1 Evacuation Pause)
[2025-03-06T11:16:26.383+0100][gc,task     ] GC(0) Using 10 workers of 10 for evacuation
[2025-03-06T11:16:26.390+0100][gc,phases   ] GC(0)   Pre Evacuate Collection Set: 0,1ms
[2025-03-06T11:16:26.390+0100][gc,phases   ] GC(0)   Merge Heap Roots: 0,1ms
[2025-03-06T11:16:26.390+0100][gc,phases   ] GC(0)   Evacuate Collection Set: 5,4ms
[2025-03-06T11:16:26.390+0100][gc,phases   ] GC(0)   Post Evacuate Collection Set: 0,6ms
[2025-03-06T11:16:26.390+0100][gc,phases   ] GC(0)   Other: 1,4ms
[2025-03-06T11:16:26.390+0100][gc,heap     ] GC(0) Eden regions: 51->0(44)
[2025-03-06T11:16:26.390+0100][gc,heap     ] GC(0) Survivor regions: 0->7(7)
[2025-03-06T11:16:26.390+0100][gc,heap     ] GC(0) Old regions: 0->1
[2025-03-06T11:16:26.390+0100][gc,heap     ] GC(0) Archive regions: 2->2
[2025-03-06T11:16:26.390+0100][gc,heap     ] GC(0) Humongous regions: 0->0
[2025-03-06T11:16:26.390+0100][gc,metaspace] GC(0) Metaspace: 18778K(18944K)->18778K(18944K) NonClass: 16531K(16640K)->16531K(16640K) Class: 2246K(2304K)->2246K(2304K)
[2025-03-06T11:16:26.390+0100][gc          ] GC(0) Pause Young (Normal) (G1 Evacuation Pause) 51M->7M(1024M) 7,759ms
[2025-03-06T11:16:26.390+0100][gc,cpu      ] GC(0) User=0,04s Sys=0,02s Real=0,01s
[2025-03-06T11:16:26.597+0100][gc,start    ] GC(1) Pause Young (Concurrent Start) (Metadata GC Threshold)
[2025-03-06T11:16:26.597+0100][gc,task     ] GC(1) Using 10 workers of 10 for evacuation
[2025-03-06T11:16:26.606+0100][gc,phases   ] GC(1)   Pre Evacuate Collection Set: 0,2ms
[2025-03-06T11:16:26.607+0100][gc,phases   ] GC(1)   Merge Heap Roots: 0,0ms
[2025-03-06T11:16:26.607+0100][gc,phases   ] GC(1)   Evacuate Collection Set: 8,3ms
[2025-03-06T11:16:26.607+0100][gc,phases   ] GC(1)   Post Evacuate Collection Set: 0,5ms
[2025-03-06T11:16:26.607+0100][gc,phases   ] GC(1)   Other: 0,3ms
[2025-03-06T11:16:26.607+0100][gc,heap     ] GC(1) Eden regions: 11->0(49)
[2025-03-06T11:16:26.607+0100][gc,heap     ] GC(1) Survivor regions: 7->2(7)
[2025-03-06T11:16:26.607+0100][gc,heap     ] GC(1) Old regions: 1->8
[2025-03-06T11:16:26.607+0100][gc,heap     ] GC(1) Archive regions: 2->2
[2025-03-06T11:16:26.607+0100][gc,heap     ] GC(1) Humongous regions: 0->0
[2025-03-06T11:16:26.607+0100][gc,metaspace] GC(1) Metaspace: 21341K(21504K)->21341K(21504K) NonClass: 18755K(18816K)->18755K(18816K) Class: 2585K(2688K)->2585K(2688K)
[2025-03-06T11:16:26.607+0100][gc          ] GC(1) Pause Young (Concurrent Start) (Metadata GC Threshold) 18M->9M(1024M) 9,499ms
[2025-03-06T11:16:26.607+0100][gc,cpu      ] GC(1) User=0,04s Sys=0,04s Real=0,01s
[2025-03-06T11:16:26.607+0100][gc          ] GC(2) Concurrent Mark Cycle
[2025-03-06T11:16:26.607+0100][gc,marking  ] GC(2) Concurrent Clear Claimed Marks
[2025-03-06T11:16:26.607+0100][gc,marking  ] GC(2) Concurrent Clear Claimed Marks 0,023ms
[2025-03-06T11:16:26.607+0100][gc,marking  ] GC(2) Concurrent Scan Root Regions
[2025-03-06T11:16:26.610+0100][gc,marking  ] GC(2) Concurrent Scan Root Regions 3,333ms
[2025-03-06T11:16:26.610+0100][gc,marking  ] GC(2) Concurrent Mark
[2025-03-06T11:16:26.610+0100][gc,marking  ] GC(2) Concurrent Mark From Roots
[2025-03-06T11:16:26.610+0100][gc,task     ] GC(2) Using 3 workers of 3 for marking
[2025-03-06T11:16:26.613+0100][gc,marking  ] GC(2) Concurrent Mark From Roots 2,531ms
[2025-03-06T11:16:26.613+0100][gc,marking  ] GC(2) Concurrent Preclean
[2025-03-06T11:16:26.613+0100][gc,marking  ] GC(2) Concurrent Preclean 0,174ms
[2025-03-06T11:16:26.613+0100][gc,start    ] GC(2) Pause Remark
[2025-03-06T11:16:26.615+0100][gc          ] GC(2) Pause Remark 9M->9M(1024M) 1,600ms
[2025-03-06T11:16:26.615+0100][gc,cpu      ] GC(2) User=0,00s Sys=0,00s Real=0,00s
[2025-03-06T11:16:26.615+0100][gc,marking  ] GC(2) Concurrent Mark 4,563ms
[2025-03-06T11:16:26.615+0100][gc,marking  ] GC(2) Concurrent Rebuild Remembered Sets
[2025-03-06T11:16:26.618+0100][gc,marking  ] GC(2) Concurrent Rebuild Remembered Sets 3,419ms
[2025-03-06T11:16:26.618+0100][gc,start    ] GC(2) Pause Cleanup
[2025-03-06T11:16:26.619+0100][gc          ] GC(2) Pause Cleanup 9M->9M(1024M) 0,193ms
[2025-03-06T11:16:26.619+0100][gc,cpu      ] GC(2) User=0,00s Sys=0,00s Real=0,00s
[2025-03-06T11:16:26.619+0100][gc,marking  ] GC(2) Concurrent Cleanup for Next Mark
[2025-03-06T11:16:26.622+0100][gc,marking  ] GC(2) Concurrent Cleanup for Next Mark 3,523ms
[2025-03-06T11:16:26.622+0100][gc          ] GC(2) Concurrent Mark Cycle 15,520ms
[2025-03-06T11:16:28.063+0100][gc,start    ] GC(3) Pause Young (Normal) (GCLocker Initiated GC)
[2025-03-06T11:16:28.063+0100][gc,task     ] GC(3) Using 10 workers of 10 for evacuation
[2025-03-06T11:16:28.065+0100][gc,phases   ] GC(3)   Pre Evacuate Collection Set: 0,1ms
[2025-03-06T11:16:28.065+0100][gc,phases   ] GC(3)   Merge Heap Roots: 0,0ms
[2025-03-06T11:16:28.065+0100][gc,phases   ] GC(3)   Evacuate Collection Set: 2,0ms
[2025-03-06T11:16:28.065+0100][gc,phases   ] GC(3)   Post Evacuate Collection Set: 0,3ms
[2025-03-06T11:16:28.065+0100][gc,phases   ] GC(3)   Other: 0,1ms
[2025-03-06T11:16:28.065+0100][gc,heap     ] GC(3) Eden regions: 49->0(45)
[2025-03-06T11:16:28.065+0100][gc,heap     ] GC(3) Survivor regions: 2->6(7)
[2025-03-06T11:16:28.065+0100][gc,heap     ] GC(3) Old regions: 8->8
[2025-03-06T11:16:28.065+0100][gc,heap     ] GC(3) Archive regions: 2->2
[2025-03-06T11:16:28.065+0100][gc,heap     ] GC(3) Humongous regions: 129->129
[2025-03-06T11:16:28.065+0100][gc,metaspace] GC(3) Metaspace: 31868K(32128K)->31868K(32128K) NonClass: 28225K(28352K)->28225K(28352K) Class: 3643K(3776K)->3643K(3776K)
[2025-03-06T11:16:28.065+0100][gc          ] GC(3) Pause Young (Normal) (GCLocker Initiated GC) 187M->142M(1024M) 2,613ms
[2025-03-06T11:16:28.065+0100][gc,cpu      ] GC(3) User=0,03s Sys=0,00s Real=0,01s
[2025-03-06T11:16:28.301+0100][gc,start    ] GC(4) Pause Young (Concurrent Start) (Metadata GC Threshold)
[2025-03-06T11:16:28.301+0100][gc,task     ] GC(4) Using 10 workers of 10 for evacuation
[2025-03-06T11:16:28.305+0100][gc,phases   ] GC(4)   Pre Evacuate Collection Set: 0,2ms
[2025-03-06T11:16:28.305+0100][gc,phases   ] GC(4)   Merge Heap Roots: 0,0ms
[2025-03-06T11:16:28.306+0100][gc,phases   ] GC(4)   Evacuate Collection Set: 4,3ms
[2025-03-06T11:16:28.306+0100][gc,phases   ] GC(4)   Post Evacuate Collection Set: 0,4ms
[2025-03-06T11:16:28.306+0100][gc,phases   ] GC(4)   Other: 0,1ms
[2025-03-06T11:16:28.306+0100][gc,heap     ] GC(4) Eden regions: 19->0(49)
[2025-03-06T11:16:28.306+0100][gc,heap     ] GC(4) Survivor regions: 6->2(7)
[2025-03-06T11:16:28.306+0100][gc,heap     ] GC(4) Old regions: 8->13
[2025-03-06T11:16:28.306+0100][gc,heap     ] GC(4) Archive regions: 2->2
[2025-03-06T11:16:28.306+0100][gc,heap     ] GC(4) Humongous regions: 129->129
[2025-03-06T11:16:28.306+0100][gc,metaspace] GC(4) Metaspace: 35961K(36288K)->35961K(36288K) NonClass: 31843K(32000K)->31843K(32000K) Class: 4117K(4288K)->4117K(4288K)
[2025-03-06T11:16:28.306+0100][gc          ] GC(4) Pause Young (Concurrent Start) (Metadata GC Threshold) 161M->144M(1024M) 5,026ms
[2025-03-06T11:16:28.306+0100][gc,cpu      ] GC(4) User=0,03s Sys=0,01s Real=0,01s
[2025-03-06T11:16:28.306+0100][gc          ] GC(5) Concurrent Mark Cycle
[2025-03-06T11:16:28.306+0100][gc,marking  ] GC(5) Concurrent Clear Claimed Marks
[2025-03-06T11:16:28.306+0100][gc,marking  ] GC(5) Concurrent Clear Claimed Marks 0,039ms
[2025-03-06T11:16:28.306+0100][gc,marking  ] GC(5) Concurrent Scan Root Regions
[2025-03-06T11:16:28.309+0100][gc,marking  ] GC(5) Concurrent Scan Root Regions 3,052ms
[2025-03-06T11:16:28.309+0100][gc,marking  ] GC(5) Concurrent Mark
[2025-03-06T11:16:28.309+0100][gc,marking  ] GC(5) Concurrent Mark From Roots
[2025-03-06T11:16:28.309+0100][gc,task     ] GC(5) Using 3 workers of 3 for marking
[2025-03-06T11:16:28.313+0100][gc,marking  ] GC(5) Concurrent Mark From Roots 3,974ms
[2025-03-06T11:16:28.313+0100][gc,marking  ] GC(5) Concurrent Preclean
[2025-03-06T11:16:28.313+0100][gc,marking  ] GC(5) Concurrent Preclean 0,181ms
[2025-03-06T11:16:28.313+0100][gc,start    ] GC(5) Pause Remark
[2025-03-06T11:16:28.314+0100][gc          ] GC(5) Pause Remark 144M->144M(1024M) 1,281ms
[2025-03-06T11:16:28.314+0100][gc,cpu      ] GC(5) User=0,01s Sys=0,00s Real=0,00s
[2025-03-06T11:16:28.314+0100][gc,marking  ] GC(5) Concurrent Mark 5,585ms
[2025-03-06T11:16:28.314+0100][gc,marking  ] GC(5) Concurrent Rebuild Remembered Sets
[2025-03-06T11:16:28.317+0100][gc,marking  ] GC(5) Concurrent Rebuild Remembered Sets 2,857ms
[2025-03-06T11:16:28.317+0100][gc,start    ] GC(5) Pause Cleanup
[2025-03-06T11:16:28.317+0100][gc          ] GC(5) Pause Cleanup 144M->144M(1024M) 0,152ms
[2025-03-06T11:16:28.317+0100][gc,cpu      ] GC(5) User=0,00s Sys=0,00s Real=0,00s
[2025-03-06T11:16:28.317+0100][gc,marking  ] GC(5) Concurrent Cleanup for Next Mark
[2025-03-06T11:16:28.319+0100][gc,marking  ] GC(5) Concurrent Cleanup for Next Mark 1,628ms
[2025-03-06T11:16:28.319+0100][gc          ] GC(5) Concurrent Mark Cycle 13,515ms
[2025-03-06T11:17:40.526+0100][gc,heap,exit] Heap
[2025-03-06T11:17:40.526+0100][gc,heap,exit]  garbage-first heap   total 1048576K, used 185773K [0x00000000c0000000, 0x0000000100000000)
[2025-03-06T11:17:40.527+0100][gc,heap,exit]   region size 1024K, 34 young (34816K), 2 survivors (2048K)
[2025-03-06T11:17:40.527+0100][gc,heap,exit]  Metaspace       used 39793K, committed 40320K, reserved 1114112K
[2025-03-06T11:17:40.527+0100][gc,heap,exit]   class space    used 4830K, committed 5056K, reserved 1048576K
