[2025-03-21T23:17:46.197+0100][gc] Using G1
[2025-03-21T23:17:46.204+0100][gc,init] Version: 17.0.14+7-Debian-1deb12u1 (release)
[2025-03-21T23:17:46.204+0100][gc,init] CPUs: 20 total, 20 available
[2025-03-21T23:17:46.204+0100][gc,init] Memory: 64036M
[2025-03-21T23:17:46.204+0100][gc,init] Large Page Support: Disabled
[2025-03-21T23:17:46.204+0100][gc,init] NUMA Support: Disabled
[2025-03-21T23:17:46.204+0100][gc,init] Compressed Oops: Enabled (32-bit)
[2025-03-21T23:17:46.204+0100][gc,init] Heap Region Size: 1M
[2025-03-21T23:17:46.204+0100][gc,init] Heap Min Capacity: 1G
[2025-03-21T23:17:46.204+0100][gc,init] Heap Initial Capacity: 1G
[2025-03-21T23:17:46.204+0100][gc,init] Heap Max Capacity: 1G
[2025-03-21T23:17:46.204+0100][gc,init] Pre-touch: Disabled
[2025-03-21T23:17:46.204+0100][gc,init] Parallel Workers: 15
[2025-03-21T23:17:46.204+0100][gc,init] Concurrent Workers: 4
[2025-03-21T23:17:46.204+0100][gc,init] Concurrent Refinement Workers: 15
[2025-03-21T23:17:46.204+0100][gc,init] Periodic GC: Disabled
[2025-03-21T23:17:46.208+0100][gc,metaspace] CDS archive(s) mapped at: [0x00007f62db000000-0x00007f62dbbc9000-0x00007f62dbbc9000), size 12357632, SharedBaseAddress: 0x00007f62db000000, ArchiveRelocationMode: 1.
[2025-03-21T23:17:46.208+0100][gc,metaspace] Compressed class space mapped at: 0x00007f62dc000000-0x00007f631c000000, reserved size: 1073741824
[2025-03-21T23:17:46.208+0100][gc,metaspace] Narrow klass base: 0x00007f62db000000, Narrow klass shift: 0, Narrow klass range: 0x100000000
[2025-03-21T23:17:49.862+0100][gc,start    ] GC(0) Pause Young (Normal) (G1 Evacuation Pause)
[2025-03-21T23:17:49.863+0100][gc,task     ] GC(0) Using 15 workers of 15 for evacuation
[2025-03-21T23:17:49.869+0100][gc,phases   ] GC(0)   Pre Evacuate Collection Set: 0,1ms
[2025-03-21T23:17:49.869+0100][gc,phases   ] GC(0)   Merge Heap Roots: 0,0ms
[2025-03-21T23:17:49.869+0100][gc,phases   ] GC(0)   Evacuate Collection Set: 5,0ms
[2025-03-21T23:17:49.869+0100][gc,phases   ] GC(0)   Post Evacuate Collection Set: 0,3ms
[2025-03-21T23:17:49.869+0100][gc,phases   ] GC(0)   Other: 1,0ms
[2025-03-21T23:17:49.869+0100][gc,heap     ] GC(0) Eden regions: 51->0(44)
[2025-03-21T23:17:49.869+0100][gc,heap     ] GC(0) Survivor regions: 0->7(7)
[2025-03-21T23:17:49.869+0100][gc,heap     ] GC(0) Old regions: 0->1
[2025-03-21T23:17:49.869+0100][gc,heap     ] GC(0) Archive regions: 2->2
[2025-03-21T23:17:49.869+0100][gc,heap     ] GC(0) Humongous regions: 0->0
[2025-03-21T23:17:49.869+0100][gc,metaspace] GC(0) Metaspace: 18321K(18496K)->18321K(18496K) NonClass: 16143K(16256K)->16143K(16256K) Class: 2178K(2240K)->2178K(2240K)
[2025-03-21T23:17:49.869+0100][gc          ] GC(0) Pause Young (Normal) (G1 Evacuation Pause) 51M->8M(1024M) 6,487ms
[2025-03-21T23:17:49.869+0100][gc,cpu      ] GC(0) User=0,04s Sys=0,02s Real=0,01s
[2025-03-21T23:17:50.062+0100][gc,start    ] GC(1) Pause Young (Concurrent Start) (Metadata GC Threshold)
[2025-03-21T23:17:50.062+0100][gc,task     ] GC(1) Using 15 workers of 15 for evacuation
[2025-03-21T23:17:50.068+0100][gc,phases   ] GC(1)   Pre Evacuate Collection Set: 0,1ms
[2025-03-21T23:17:50.068+0100][gc,phases   ] GC(1)   Merge Heap Roots: 0,0ms
[2025-03-21T23:17:50.068+0100][gc,phases   ] GC(1)   Evacuate Collection Set: 5,1ms
[2025-03-21T23:17:50.068+0100][gc,phases   ] GC(1)   Post Evacuate Collection Set: 0,3ms
[2025-03-21T23:17:50.068+0100][gc,phases   ] GC(1)   Other: 0,2ms
[2025-03-21T23:17:50.068+0100][gc,heap     ] GC(1) Eden regions: 12->0(49)
[2025-03-21T23:17:50.068+0100][gc,heap     ] GC(1) Survivor regions: 7->2(7)
[2025-03-21T23:17:50.068+0100][gc,heap     ] GC(1) Old regions: 1->7
[2025-03-21T23:17:50.068+0100][gc,heap     ] GC(1) Archive regions: 2->2
[2025-03-21T23:17:50.068+0100][gc,heap     ] GC(1) Humongous regions: 0->0
[2025-03-21T23:17:50.068+0100][gc,metaspace] GC(1) Metaspace: 21305K(21504K)->21305K(21504K) NonClass: 18747K(18816K)->18747K(18816K) Class: 2557K(2688K)->2557K(2688K)
[2025-03-21T23:17:50.068+0100][gc          ] GC(1) Pause Young (Concurrent Start) (Metadata GC Threshold) 20M->8M(1024M) 5,692ms
[2025-03-21T23:17:50.068+0100][gc,cpu      ] GC(1) User=0,01s Sys=0,06s Real=0,01s
[2025-03-21T23:17:50.068+0100][gc          ] GC(2) Concurrent Mark Cycle
[2025-03-21T23:17:50.068+0100][gc,marking  ] GC(2) Concurrent Clear Claimed Marks
[2025-03-21T23:17:50.068+0100][gc,marking  ] GC(2) Concurrent Clear Claimed Marks 0,011ms
[2025-03-21T23:17:50.068+0100][gc,marking  ] GC(2) Concurrent Scan Root Regions
[2025-03-21T23:17:50.069+0100][gc,marking  ] GC(2) Concurrent Scan Root Regions 1,294ms
[2025-03-21T23:17:50.069+0100][gc,marking  ] GC(2) Concurrent Mark
[2025-03-21T23:17:50.069+0100][gc,marking  ] GC(2) Concurrent Mark From Roots
[2025-03-21T23:17:50.069+0100][gc,task     ] GC(2) Using 4 workers of 4 for marking
[2025-03-21T23:17:50.070+0100][gc,marking  ] GC(2) Concurrent Mark From Roots 0,890ms
[2025-03-21T23:17:50.070+0100][gc,marking  ] GC(2) Concurrent Preclean
[2025-03-21T23:17:50.070+0100][gc,marking  ] GC(2) Concurrent Preclean 0,067ms
[2025-03-21T23:17:50.070+0100][gc,start    ] GC(2) Pause Remark
[2025-03-21T23:17:50.071+0100][gc          ] GC(2) Pause Remark 9M->9M(1024M) 0,767ms
[2025-03-21T23:17:50.071+0100][gc,cpu      ] GC(2) User=0,00s Sys=0,00s Real=0,00s
[2025-03-21T23:17:50.071+0100][gc,marking  ] GC(2) Concurrent Mark 1,846ms
[2025-03-21T23:17:50.071+0100][gc,marking  ] GC(2) Concurrent Rebuild Remembered Sets
[2025-03-21T23:17:50.072+0100][gc,marking  ] GC(2) Concurrent Rebuild Remembered Sets 0,966ms
[2025-03-21T23:17:50.072+0100][gc,start    ] GC(2) Pause Cleanup
[2025-03-21T23:17:50.072+0100][gc          ] GC(2) Pause Cleanup 9M->9M(1024M) 0,093ms
[2025-03-21T23:17:50.072+0100][gc,cpu      ] GC(2) User=0,00s Sys=0,00s Real=0,00s
[2025-03-21T23:17:50.072+0100][gc,marking  ] GC(2) Concurrent Cleanup for Next Mark
[2025-03-21T23:17:50.073+0100][gc,marking  ] GC(2) Concurrent Cleanup for Next Mark 0,813ms
[2025-03-21T23:17:50.073+0100][gc          ] GC(2) Concurrent Mark Cycle 5,181ms
[2025-03-21T23:17:55.791+0100][gc,start    ] GC(3) Pause Young (Normal) (G1 Evacuation Pause)
[2025-03-21T23:17:55.791+0100][gc,task     ] GC(3) Using 15 workers of 15 for evacuation
[2025-03-21T23:17:55.793+0100][gc,phases   ] GC(3)   Pre Evacuate Collection Set: 0,1ms
[2025-03-21T23:17:55.793+0100][gc,phases   ] GC(3)   Merge Heap Roots: 0,0ms
[2025-03-21T23:17:55.793+0100][gc,phases   ] GC(3)   Evacuate Collection Set: 1,1ms
[2025-03-21T23:17:55.793+0100][gc,phases   ] GC(3)   Post Evacuate Collection Set: 0,2ms
[2025-03-21T23:17:55.793+0100][gc,phases   ] GC(3)   Other: 0,5ms
[2025-03-21T23:17:55.793+0100][gc,heap     ] GC(3) Eden regions: 49->0(45)
[2025-03-21T23:17:55.793+0100][gc,heap     ] GC(3) Survivor regions: 2->6(7)
[2025-03-21T23:17:55.793+0100][gc,heap     ] GC(3) Old regions: 7->7
[2025-03-21T23:17:55.793+0100][gc,heap     ] GC(3) Archive regions: 2->2
[2025-03-21T23:17:55.793+0100][gc,heap     ] GC(3) Humongous regions: 129->129
[2025-03-21T23:17:55.793+0100][gc,metaspace] GC(3) Metaspace: 30328K(30592K)->30328K(30592K) NonClass: 26893K(27072K)->26893K(27072K) Class: 3435K(3520K)->3435K(3520K)
[2025-03-21T23:17:55.793+0100][gc          ] GC(3) Pause Young (Normal) (G1 Evacuation Pause) 186M->141M(1024M) 2,000ms
[2025-03-21T23:17:55.793+0100][gc,cpu      ] GC(3) User=0,03s Sys=0,00s Real=0,00s
[2025-03-21T23:17:56.308+0100][gc,start    ] GC(4) Pause Young (Concurrent Start) (Metadata GC Threshold)
[2025-03-21T23:17:56.308+0100][gc,task     ] GC(4) Using 15 workers of 15 for evacuation
[2025-03-21T23:17:56.313+0100][gc,phases   ] GC(4)   Pre Evacuate Collection Set: 0,1ms
[2025-03-21T23:17:56.313+0100][gc,phases   ] GC(4)   Merge Heap Roots: 0,0ms
[2025-03-21T23:17:56.313+0100][gc,phases   ] GC(4)   Evacuate Collection Set: 4,9ms
[2025-03-21T23:17:56.313+0100][gc,phases   ] GC(4)   Post Evacuate Collection Set: 0,3ms
[2025-03-21T23:17:56.313+0100][gc,phases   ] GC(4)   Other: 0,1ms
[2025-03-21T23:17:56.313+0100][gc,heap     ] GC(4) Eden regions: 23->0(48)
[2025-03-21T23:17:56.313+0100][gc,heap     ] GC(4) Survivor regions: 6->3(7)
[2025-03-21T23:17:56.313+0100][gc,heap     ] GC(4) Old regions: 7->12
[2025-03-21T23:17:56.313+0100][gc,heap     ] GC(4) Archive regions: 2->2
[2025-03-21T23:17:56.313+0100][gc,heap     ] GC(4) Humongous regions: 129->129
[2025-03-21T23:17:56.313+0100][gc,metaspace] GC(4) Metaspace: 35663K(35968K)->35663K(35968K) NonClass: 31703K(31872K)->31703K(31872K) Class: 3960K(4096K)->3960K(4096K)
[2025-03-21T23:17:56.313+0100][gc          ] GC(4) Pause Young (Concurrent Start) (Metadata GC Threshold) 164M->143M(1024M) 5,473ms
[2025-03-21T23:17:56.313+0100][gc,cpu      ] GC(4) User=0,02s Sys=0,06s Real=0,00s
[2025-03-21T23:17:56.313+0100][gc          ] GC(5) Concurrent Mark Cycle
[2025-03-21T23:17:56.313+0100][gc,marking  ] GC(5) Concurrent Clear Claimed Marks
[2025-03-21T23:17:56.313+0100][gc,marking  ] GC(5) Concurrent Clear Claimed Marks 0,017ms
[2025-03-21T23:17:56.313+0100][gc,marking  ] GC(5) Concurrent Scan Root Regions
[2025-03-21T23:17:56.314+0100][gc,marking  ] GC(5) Concurrent Scan Root Regions 1,343ms
[2025-03-21T23:17:56.314+0100][gc,marking  ] GC(5) Concurrent Mark
[2025-03-21T23:17:56.314+0100][gc,marking  ] GC(5) Concurrent Mark From Roots
[2025-03-21T23:17:56.314+0100][gc,task     ] GC(5) Using 4 workers of 4 for marking
[2025-03-21T23:17:56.317+0100][gc,marking  ] GC(5) Concurrent Mark From Roots 3,021ms
[2025-03-21T23:17:56.317+0100][gc,marking  ] GC(5) Concurrent Preclean
[2025-03-21T23:17:56.318+0100][gc,marking  ] GC(5) Concurrent Preclean 0,092ms
[2025-03-21T23:17:56.318+0100][gc,start    ] GC(5) Pause Remark
[2025-03-21T23:17:56.318+0100][gc          ] GC(5) Pause Remark 145M->145M(1024M) 0,703ms
[2025-03-21T23:17:56.318+0100][gc,cpu      ] GC(5) User=0,01s Sys=0,00s Real=0,00s
[2025-03-21T23:17:56.318+0100][gc,marking  ] GC(5) Concurrent Mark 3,958ms
[2025-03-21T23:17:56.318+0100][gc,marking  ] GC(5) Concurrent Rebuild Remembered Sets
[2025-03-21T23:17:56.321+0100][gc,marking  ] GC(5) Concurrent Rebuild Remembered Sets 2,151ms
[2025-03-21T23:17:56.321+0100][gc,start    ] GC(5) Pause Cleanup
[2025-03-21T23:17:56.321+0100][gc          ] GC(5) Pause Cleanup 145M->145M(1024M) 0,061ms
[2025-03-21T23:17:56.321+0100][gc,cpu      ] GC(5) User=0,00s Sys=0,00s Real=0,00s
[2025-03-21T23:17:56.321+0100][gc,marking  ] GC(5) Concurrent Cleanup for Next Mark
[2025-03-21T23:17:56.323+0100][gc,marking  ] GC(5) Concurrent Cleanup for Next Mark 2,373ms
[2025-03-21T23:17:56.323+0100][gc          ] GC(5) Concurrent Mark Cycle 10,074ms
[2025-03-21T23:18:28.911+0100][gc,start    ] GC(6) Pause Young (Normal) (G1 Evacuation Pause)
[2025-03-21T23:18:28.911+0100][gc,task     ] GC(6) Using 15 workers of 15 for evacuation
[2025-03-21T23:18:28.913+0100][gc,phases   ] GC(6)   Pre Evacuate Collection Set: 0,1ms
[2025-03-21T23:18:28.913+0100][gc,phases   ] GC(6)   Merge Heap Roots: 0,0ms
[2025-03-21T23:18:28.913+0100][gc,phases   ] GC(6)   Evacuate Collection Set: 1,5ms
[2025-03-21T23:18:28.913+0100][gc,phases   ] GC(6)   Post Evacuate Collection Set: 0,4ms
[2025-03-21T23:18:28.913+0100][gc,phases   ] GC(6)   Other: 0,3ms
[2025-03-21T23:18:28.913+0100][gc,heap     ] GC(6) Eden regions: 48->0(46)
[2025-03-21T23:18:28.913+0100][gc,heap     ] GC(6) Survivor regions: 3->5(7)
[2025-03-21T23:18:28.913+0100][gc,heap     ] GC(6) Old regions: 12->12
[2025-03-21T23:18:28.913+0100][gc,heap     ] GC(6) Archive regions: 2->2
[2025-03-21T23:18:28.913+0100][gc,heap     ] GC(6) Humongous regions: 237->129
[2025-03-21T23:18:28.913+0100][gc,metaspace] GC(6) Metaspace: 41895K(42432K)->41895K(42432K) NonClass: 36805K(37120K)->36805K(37120K) Class: 5090K(5312K)->5090K(5312K)
[2025-03-21T23:18:28.913+0100][gc          ] GC(6) Pause Young (Normal) (G1 Evacuation Pause) 299M->146M(1024M) 2,306ms
[2025-03-21T23:18:28.913+0100][gc,cpu      ] GC(6) User=0,02s Sys=0,00s Real=0,00s
[2025-03-21T23:22:52.614+0100][gc,start    ] GC(7) Pause Young (Normal) (G1 Evacuation Pause)
[2025-03-21T23:22:52.615+0100][gc,task     ] GC(7) Using 15 workers of 15 for evacuation
[2025-03-21T23:22:52.621+0100][gc,phases   ] GC(7)   Pre Evacuate Collection Set: 0,3ms
[2025-03-21T23:22:52.621+0100][gc,phases   ] GC(7)   Merge Heap Roots: 0,2ms
[2025-03-21T23:22:52.621+0100][gc,phases   ] GC(7)   Evacuate Collection Set: 4,7ms
[2025-03-21T23:22:52.621+0100][gc,phases   ] GC(7)   Post Evacuate Collection Set: 0,6ms
[2025-03-21T23:22:52.621+0100][gc,phases   ] GC(7)   Other: 0,8ms
[2025-03-21T23:22:52.621+0100][gc,heap     ] GC(7) Eden regions: 46->0(46)
[2025-03-21T23:22:52.621+0100][gc,heap     ] GC(7) Survivor regions: 5->5(7)
[2025-03-21T23:22:52.621+0100][gc,heap     ] GC(7) Old regions: 12->14
[2025-03-21T23:22:52.621+0100][gc,heap     ] GC(7) Archive regions: 2->2
[2025-03-21T23:22:52.621+0100][gc,heap     ] GC(7) Humongous regions: 129->129
[2025-03-21T23:22:52.621+0100][gc,metaspace] GC(7) Metaspace: 43722K(44352K)->43722K(44352K) NonClass: 38434K(38784K)->38434K(38784K) Class: 5287K(5568K)->5287K(5568K)
[2025-03-21T23:22:52.621+0100][gc          ] GC(7) Pause Young (Normal) (G1 Evacuation Pause) 192M->148M(1024M) 6,528ms
[2025-03-21T23:22:52.621+0100][gc,cpu      ] GC(7) User=0,07s Sys=0,01s Real=0,01s
[2025-03-21T23:24:18.053+0100][gc,heap,exit] Heap
[2025-03-21T23:24:18.053+0100][gc,heap,exit]  garbage-first heap   total 1048576K, used 177415K [0x00000000c0000000, 0x0000000100000000)
[2025-03-21T23:24:18.053+0100][gc,heap,exit]   region size 1024K, 30 young (30720K), 5 survivors (5120K)
[2025-03-21T23:24:18.053+0100][gc,heap,exit]  Metaspace       used 44477K, committed 45056K, reserved 1114112K
[2025-03-21T23:24:18.053+0100][gc,heap,exit]   class space    used 5460K, committed 5696K, reserved 1048576K
