[2025-03-06T11:14:00.493+0100][gc] Using G1
[2025-03-06T11:14:00.514+0100][gc,init] Version: 17.0.14+7-Debian-1deb12u1 (release)
[2025-03-06T11:14:00.514+0100][gc,init] CPUs: 12 total, 12 available
[2025-03-06T11:14:00.514+0100][gc,init] Memory: 63989M
[2025-03-06T11:14:00.514+0100][gc,init] Large Page Support: Disabled
[2025-03-06T11:14:00.514+0100][gc,init] NUMA Support: Disabled
[2025-03-06T11:14:00.514+0100][gc,init] Compressed Oops: Enabled (32-bit)
[2025-03-06T11:14:00.514+0100][gc,init] Heap Region Size: 1M
[2025-03-06T11:14:00.514+0100][gc,init] Heap Min Capacity: 1G
[2025-03-06T11:14:00.514+0100][gc,init] Heap Initial Capacity: 1G
[2025-03-06T11:14:00.514+0100][gc,init] Heap Max Capacity: 1G
[2025-03-06T11:14:00.514+0100][gc,init] Pre-touch: Disabled
[2025-03-06T11:14:00.514+0100][gc,init] Parallel Workers: 10
[2025-03-06T11:14:00.514+0100][gc,init] Concurrent Workers: 3
[2025-03-06T11:14:00.514+0100][gc,init] Concurrent Refinement Workers: 10
[2025-03-06T11:14:00.514+0100][gc,init] Periodic GC: Disabled
[2025-03-06T11:14:00.520+0100][gc,metaspace] CDS archive(s) mapped at: [0x00007ff5eb000000-0x00007ff5ebbc9000-0x00007ff5ebbc9000), size 12357632, SharedBaseAddress: 0x00007ff5eb000000, ArchiveRelocationMode: 1.
[2025-03-06T11:14:00.520+0100][gc,metaspace] Compressed class space mapped at: 0x00007ff5ec000000-0x00007ff62c000000, reserved size: 1073741824
[2025-03-06T11:14:00.520+0100][gc,metaspace] Narrow klass base: 0x00007ff5eb000000, Narrow klass shift: 0, Narrow klass range: 0x100000000
[2025-03-06T11:14:00.863+0100][gc,heap,exit] Heap
[2025-03-06T11:14:00.863+0100][gc,heap,exit]  garbage-first heap   total 1048576K, used 24496K [0x00000000c0000000, 0x0000000100000000)
[2025-03-06T11:14:00.863+0100][gc,heap,exit]   region size 1024K, 23 young (23552K), 0 survivors (0K)
[2025-03-06T11:14:00.863+0100][gc,heap,exit]  Metaspace       used 9351K, committed 9472K, reserved 1114112K
[2025-03-06T11:14:00.863+0100][gc,heap,exit]   class space    used 1167K, committed 1216K, reserved 1048576K
