[2025-03-06T11:06:46.577+0100][gc] Using G1
[2025-03-06T11:06:46.592+0100][gc,init] Version: 17.0.14+7-Debian-1deb12u1 (release)
[2025-03-06T11:06:46.592+0100][gc,init] CPUs: 12 total, 12 available
[2025-03-06T11:06:46.592+0100][gc,init] Memory: 63989M
[2025-03-06T11:06:46.592+0100][gc,init] Large Page Support: Disabled
[2025-03-06T11:06:46.592+0100][gc,init] NUMA Support: Disabled
[2025-03-06T11:06:46.592+0100][gc,init] Compressed Oops: Enabled (32-bit)
[2025-03-06T11:06:46.592+0100][gc,init] Heap Region Size: 1M
[2025-03-06T11:06:46.592+0100][gc,init] Heap Min Capacity: 1G
[2025-03-06T11:06:46.592+0100][gc,init] Heap Initial Capacity: 1G
[2025-03-06T11:06:46.592+0100][gc,init] Heap Max Capacity: 1G
[2025-03-06T11:06:46.592+0100][gc,init] Pre-touch: Disabled
[2025-03-06T11:06:46.592+0100][gc,init] Parallel Workers: 10
[2025-03-06T11:06:46.592+0100][gc,init] Concurrent Workers: 3
[2025-03-06T11:06:46.592+0100][gc,init] Concurrent Refinement Workers: 10
[2025-03-06T11:06:46.592+0100][gc,init] Periodic GC: Disabled
[2025-03-06T11:06:46.598+0100][gc,metaspace] CDS archive(s) mapped at: [0x00007ff18b000000-0x00007ff18bbc9000-0x00007ff18bbc9000), size 12357632, SharedBaseAddress: 0x00007ff18b000000, ArchiveRelocationMode: 1.
[2025-03-06T11:06:46.598+0100][gc,metaspace] Compressed class space mapped at: 0x00007ff18c000000-0x00007ff1cc000000, reserved size: 1073741824
[2025-03-06T11:06:46.598+0100][gc,metaspace] Narrow klass base: 0x00007ff18b000000, Narrow klass shift: 0, Narrow klass range: 0x100000000
[2025-03-06T11:06:48.881+0100][gc,start    ] GC(0) Pause Young (Normal) (G1 Evacuation Pause)
[2025-03-06T11:06:48.882+0100][gc,task     ] GC(0) Using 10 workers of 10 for evacuation
[2025-03-06T11:06:48.888+0100][gc,phases   ] GC(0)   Pre Evacuate Collection Set: 0,1ms
[2025-03-06T11:06:48.888+0100][gc,phases   ] GC(0)   Merge Heap Roots: 0,1ms
[2025-03-06T11:06:48.888+0100][gc,phases   ] GC(0)   Evacuate Collection Set: 5,6ms
[2025-03-06T11:06:48.888+0100][gc,phases   ] GC(0)   Post Evacuate Collection Set: 0,5ms
[2025-03-06T11:06:48.888+0100][gc,phases   ] GC(0)   Other: 1,3ms
[2025-03-06T11:06:48.888+0100][gc,heap     ] GC(0) Eden regions: 51->0(44)
[2025-03-06T11:06:48.888+0100][gc,heap     ] GC(0) Survivor regions: 0->7(7)
[2025-03-06T11:06:48.888+0100][gc,heap     ] GC(0) Old regions: 0->0
[2025-03-06T11:06:48.888+0100][gc,heap     ] GC(0) Archive regions: 2->2
[2025-03-06T11:06:48.888+0100][gc,heap     ] GC(0) Humongous regions: 0->0
[2025-03-06T11:06:48.888+0100][gc,metaspace] GC(0) Metaspace: 18790K(19008K)->18790K(19008K) NonClass: 16543K(16704K)->16543K(16704K) Class: 2247K(2304K)->2247K(2304K)
[2025-03-06T11:06:48.888+0100][gc          ] GC(0) Pause Young (Normal) (G1 Evacuation Pause) 51M->7M(1024M) 7,724ms
[2025-03-06T11:06:48.888+0100][gc,cpu      ] GC(0) User=0,05s Sys=0,00s Real=0,01s
[2025-03-06T11:06:49.151+0100][gc,start    ] GC(1) Pause Young (Concurrent Start) (Metadata GC Threshold)
[2025-03-06T11:06:49.151+0100][gc,task     ] GC(1) Using 10 workers of 10 for evacuation
[2025-03-06T11:06:49.159+0100][gc,phases   ] GC(1)   Pre Evacuate Collection Set: 0,1ms
[2025-03-06T11:06:49.159+0100][gc,phases   ] GC(1)   Merge Heap Roots: 0,0ms
[2025-03-06T11:06:49.159+0100][gc,phases   ] GC(1)   Evacuate Collection Set: 7,3ms
[2025-03-06T11:06:49.159+0100][gc,phases   ] GC(1)   Post Evacuate Collection Set: 0,3ms
[2025-03-06T11:06:49.159+0100][gc,phases   ] GC(1)   Other: 0,2ms
[2025-03-06T11:06:49.159+0100][gc,heap     ] GC(1) Eden regions: 11->0(49)
[2025-03-06T11:06:49.159+0100][gc,heap     ] GC(1) Survivor regions: 7->2(7)
[2025-03-06T11:06:49.159+0100][gc,heap     ] GC(1) Old regions: 0->7
[2025-03-06T11:06:49.159+0100][gc,heap     ] GC(1) Archive regions: 2->2
[2025-03-06T11:06:49.159+0100][gc,heap     ] GC(1) Humongous regions: 0->0
[2025-03-06T11:06:49.159+0100][gc,metaspace] GC(1) Metaspace: 21258K(21504K)->21258K(21504K) NonClass: 18682K(18816K)->18682K(18816K) Class: 2575K(2688K)->2575K(2688K)
[2025-03-06T11:06:49.159+0100][gc          ] GC(1) Pause Young (Concurrent Start) (Metadata GC Threshold) 18M->9M(1024M) 8,038ms
[2025-03-06T11:06:49.159+0100][gc,cpu      ] GC(1) User=0,07s Sys=0,00s Real=0,01s
[2025-03-06T11:06:49.159+0100][gc          ] GC(2) Concurrent Mark Cycle
[2025-03-06T11:06:49.159+0100][gc,marking  ] GC(2) Concurrent Clear Claimed Marks
[2025-03-06T11:06:49.159+0100][gc,marking  ] GC(2) Concurrent Clear Claimed Marks 0,021ms
[2025-03-06T11:06:49.159+0100][gc,marking  ] GC(2) Concurrent Scan Root Regions
[2025-03-06T11:06:49.162+0100][gc,marking  ] GC(2) Concurrent Scan Root Regions 3,164ms
[2025-03-06T11:06:49.162+0100][gc,marking  ] GC(2) Concurrent Mark
[2025-03-06T11:06:49.162+0100][gc,marking  ] GC(2) Concurrent Mark From Roots
[2025-03-06T11:06:49.162+0100][gc,task     ] GC(2) Using 3 workers of 3 for marking
[2025-03-06T11:06:49.164+0100][gc,marking  ] GC(2) Concurrent Mark From Roots 1,873ms
[2025-03-06T11:06:49.164+0100][gc,marking  ] GC(2) Concurrent Preclean
[2025-03-06T11:06:49.164+0100][gc,marking  ] GC(2) Concurrent Preclean 0,348ms
[2025-03-06T11:06:49.164+0100][gc,start    ] GC(2) Pause Remark
[2025-03-06T11:06:49.165+0100][gc          ] GC(2) Pause Remark 9M->9M(1024M) 1,265ms
[2025-03-06T11:06:49.165+0100][gc,cpu      ] GC(2) User=0,01s Sys=0,00s Real=0,00s
[2025-03-06T11:06:49.165+0100][gc,marking  ] GC(2) Concurrent Mark 3,592ms
[2025-03-06T11:06:49.166+0100][gc,marking  ] GC(2) Concurrent Rebuild Remembered Sets
[2025-03-06T11:06:49.166+0100][gc,marking  ] GC(2) Concurrent Rebuild Remembered Sets 0,007ms
[2025-03-06T11:06:49.166+0100][gc,start    ] GC(2) Pause Cleanup
[2025-03-06T11:06:49.166+0100][gc          ] GC(2) Pause Cleanup 9M->9M(1024M) 0,007ms
[2025-03-06T11:06:49.166+0100][gc,cpu      ] GC(2) User=0,00s Sys=0,00s Real=0,00s
[2025-03-06T11:06:49.166+0100][gc,marking  ] GC(2) Concurrent Cleanup for Next Mark
[2025-03-06T11:06:49.168+0100][gc,marking  ] GC(2) Concurrent Cleanup for Next Mark 2,627ms
[2025-03-06T11:06:49.168+0100][gc          ] GC(2) Concurrent Mark Cycle 9,675ms
[2025-03-06T11:06:51.884+0100][gc,start    ] GC(3) Pause Young (Normal) (G1 Evacuation Pause)
[2025-03-06T11:06:51.884+0100][gc,task     ] GC(3) Using 10 workers of 10 for evacuation
[2025-03-06T11:06:51.888+0100][gc,phases   ] GC(3)   Pre Evacuate Collection Set: 0,1ms
[2025-03-06T11:06:51.888+0100][gc,phases   ] GC(3)   Merge Heap Roots: 0,1ms
[2025-03-06T11:06:51.888+0100][gc,phases   ] GC(3)   Evacuate Collection Set: 3,1ms
[2025-03-06T11:06:51.888+0100][gc,phases   ] GC(3)   Post Evacuate Collection Set: 0,5ms
[2025-03-06T11:06:51.888+0100][gc,phases   ] GC(3)   Other: 0,4ms
[2025-03-06T11:06:51.888+0100][gc,heap     ] GC(3) Eden regions: 49->0(45)
[2025-03-06T11:06:51.888+0100][gc,heap     ] GC(3) Survivor regions: 2->6(7)
[2025-03-06T11:06:51.888+0100][gc,heap     ] GC(3) Old regions: 7->7
[2025-03-06T11:06:51.888+0100][gc,heap     ] GC(3) Archive regions: 2->2
[2025-03-06T11:06:51.888+0100][gc,heap     ] GC(3) Humongous regions: 129->129
[2025-03-06T11:06:51.888+0100][gc,metaspace] GC(3) Metaspace: 31783K(32128K)->31783K(32128K) NonClass: 28163K(28352K)->28163K(28352K) Class: 3619K(3776K)->3619K(3776K)
[2025-03-06T11:06:51.888+0100][gc          ] GC(3) Pause Young (Normal) (G1 Evacuation Pause) 187M->142M(1024M) 4,290ms
[2025-03-06T11:06:51.888+0100][gc,cpu      ] GC(3) User=0,04s Sys=0,00s Real=0,00s
[2025-03-06T11:06:52.074+0100][gc,start    ] GC(4) Pause Young (Concurrent Start) (Metadata GC Threshold)
[2025-03-06T11:06:52.074+0100][gc,task     ] GC(4) Using 10 workers of 10 for evacuation
[2025-03-06T11:06:52.080+0100][gc,phases   ] GC(4)   Pre Evacuate Collection Set: 0,1ms
[2025-03-06T11:06:52.081+0100][gc,phases   ] GC(4)   Merge Heap Roots: 0,1ms
[2025-03-06T11:06:52.081+0100][gc,phases   ] GC(4)   Evacuate Collection Set: 5,5ms
[2025-03-06T11:06:52.081+0100][gc,phases   ] GC(4)   Post Evacuate Collection Set: 0,4ms
[2025-03-06T11:06:52.081+0100][gc,phases   ] GC(4)   Other: 0,2ms
[2025-03-06T11:06:52.081+0100][gc,heap     ] GC(4) Eden regions: 18->0(49)
[2025-03-06T11:06:52.081+0100][gc,heap     ] GC(4) Survivor regions: 6->2(7)
[2025-03-06T11:06:52.081+0100][gc,heap     ] GC(4) Old regions: 7->13
[2025-03-06T11:06:52.081+0100][gc,heap     ] GC(4) Archive regions: 2->2
[2025-03-06T11:06:52.081+0100][gc,heap     ] GC(4) Humongous regions: 129->129
[2025-03-06T11:06:52.081+0100][gc,metaspace] GC(4) Metaspace: 35793K(36096K)->35793K(36096K) NonClass: 31698K(31872K)->31698K(31872K) Class: 4094K(4224K)->4094K(4224K)
[2025-03-06T11:06:52.081+0100][gc          ] GC(4) Pause Young (Concurrent Start) (Metadata GC Threshold) 160M->143M(1024M) 6,511ms
[2025-03-06T11:06:52.081+0100][gc,cpu      ] GC(4) User=0,03s Sys=0,04s Real=0,01s
[2025-03-06T11:06:52.081+0100][gc          ] GC(5) Concurrent Mark Cycle
[2025-03-06T11:06:52.081+0100][gc,marking  ] GC(5) Concurrent Clear Claimed Marks
[2025-03-06T11:06:52.081+0100][gc,marking  ] GC(5) Concurrent Clear Claimed Marks 0,032ms
[2025-03-06T11:06:52.081+0100][gc,marking  ] GC(5) Concurrent Scan Root Regions
[2025-03-06T11:06:52.084+0100][gc,marking  ] GC(5) Concurrent Scan Root Regions 2,883ms
[2025-03-06T11:06:52.084+0100][gc,marking  ] GC(5) Concurrent Mark
[2025-03-06T11:06:52.084+0100][gc,marking  ] GC(5) Concurrent Mark From Roots
[2025-03-06T11:06:52.084+0100][gc,task     ] GC(5) Using 3 workers of 3 for marking
[2025-03-06T11:06:52.089+0100][gc,marking  ] GC(5) Concurrent Mark From Roots 5,661ms
[2025-03-06T11:06:52.089+0100][gc,marking  ] GC(5) Concurrent Preclean
[2025-03-06T11:06:52.090+0100][gc,marking  ] GC(5) Concurrent Preclean 0,133ms
[2025-03-06T11:06:52.090+0100][gc,start    ] GC(5) Pause Remark
[2025-03-06T11:06:52.092+0100][gc          ] GC(5) Pause Remark 145M->145M(1024M) 1,906ms
[2025-03-06T11:06:52.092+0100][gc,cpu      ] GC(5) User=0,03s Sys=0,00s Real=0,00s
[2025-03-06T11:06:52.092+0100][gc,marking  ] GC(5) Concurrent Mark 7,925ms
[2025-03-06T11:06:52.092+0100][gc,marking  ] GC(5) Concurrent Rebuild Remembered Sets
[2025-03-06T11:06:52.096+0100][gc,marking  ] GC(5) Concurrent Rebuild Remembered Sets 3,911ms
[2025-03-06T11:06:52.096+0100][gc,start    ] GC(5) Pause Cleanup
[2025-03-06T11:06:52.096+0100][gc          ] GC(5) Pause Cleanup 145M->145M(1024M) 0,173ms
[2025-03-06T11:06:52.096+0100][gc,cpu      ] GC(5) User=0,00s Sys=0,00s Real=0,00s
[2025-03-06T11:06:52.096+0100][gc,marking  ] GC(5) Concurrent Cleanup for Next Mark
[2025-03-06T11:06:52.099+0100][gc,marking  ] GC(5) Concurrent Cleanup for Next Mark 3,338ms
[2025-03-06T11:06:52.099+0100][gc          ] GC(5) Concurrent Mark Cycle 18,658ms
[2025-03-06T11:17:22.139+0100][gc,heap,exit] Heap
[2025-03-06T11:17:22.139+0100][gc,heap,exit]  garbage-first heap   total 1048576K, used 201105K [0x00000000c0000000, 0x0000000100000000)
[2025-03-06T11:17:22.139+0100][gc,heap,exit]   region size 1024K, 49 young (50176K), 2 survivors (2048K)
[2025-03-06T11:17:22.139+0100][gc,heap,exit]  Metaspace       used 40542K, committed 41088K, reserved 1114112K
[2025-03-06T11:17:22.139+0100][gc,heap,exit]   class space    used 4918K, committed 5120K, reserved 1048576K
