[2025-02-20T10:48:48.062+0100][gc] Using G1
[2025-02-20T10:48:48.080+0100][gc,init] Version: 17.0.14+7-Debian-1deb12u1 (release)
[2025-02-20T10:48:48.080+0100][gc,init] CPUs: 12 total, 12 available
[2025-02-20T10:48:48.080+0100][gc,init] Memory: 63989M
[2025-02-20T10:48:48.080+0100][gc,init] Large Page Support: Disabled
[2025-02-20T10:48:48.080+0100][gc,init] NUMA Support: Disabled
[2025-02-20T10:48:48.080+0100][gc,init] Compressed Oops: Enabled (32-bit)
[2025-02-20T10:48:48.080+0100][gc,init] Heap Region Size: 1M
[2025-02-20T10:48:48.080+0100][gc,init] Heap Min Capacity: 1G
[2025-02-20T10:48:48.080+0100][gc,init] Heap Initial Capacity: 1G
[2025-02-20T10:48:48.080+0100][gc,init] Heap Max Capacity: 1G
[2025-02-20T10:48:48.080+0100][gc,init] Pre-touch: Disabled
[2025-02-20T10:48:48.080+0100][gc,init] Parallel Workers: 10
[2025-02-20T10:48:48.080+0100][gc,init] Concurrent Workers: 3
[2025-02-20T10:48:48.080+0100][gc,init] Concurrent Refinement Workers: 10
[2025-02-20T10:48:48.080+0100][gc,init] Periodic GC: Disabled
[2025-02-20T10:48:48.087+0100][gc,metaspace] CDS archive(s) mapped at: [0x00007fb697000000-0x00007fb697bc9000-0x00007fb697bc9000), size 12357632, SharedBaseAddress: 0x00007fb697000000, ArchiveRelocationMode: 1.
[2025-02-20T10:48:48.087+0100][gc,metaspace] Compressed class space mapped at: 0x00007fb698000000-0x00007fb6d8000000, reserved size: 1073741824
[2025-02-20T10:48:48.087+0100][gc,metaspace] Narrow klass base: 0x00007fb697000000, Narrow klass shift: 0, Narrow klass range: 0x100000000
[2025-02-20T10:48:48.780+0100][gc,start    ] GC(0) Pause Young (Normal) (G1 Evacuation Pause)
[2025-02-20T10:48:48.781+0100][gc,task     ] GC(0) Using 10 workers of 10 for evacuation
[2025-02-20T10:48:48.788+0100][gc,phases   ] GC(0)   Pre Evacuate Collection Set: 0,1ms
[2025-02-20T10:48:48.788+0100][gc,phases   ] GC(0)   Merge Heap Roots: 0,1ms
[2025-02-20T10:48:48.788+0100][gc,phases   ] GC(0)   Evacuate Collection Set: 6,2ms
[2025-02-20T10:48:48.788+0100][gc,phases   ] GC(0)   Post Evacuate Collection Set: 0,4ms
[2025-02-20T10:48:48.788+0100][gc,phases   ] GC(0)   Other: 0,9ms
[2025-02-20T10:48:48.788+0100][gc,heap     ] GC(0) Eden regions: 51->0(44)
[2025-02-20T10:48:48.788+0100][gc,heap     ] GC(0) Survivor regions: 0->7(7)
[2025-02-20T10:48:48.788+0100][gc,heap     ] GC(0) Old regions: 0->1
[2025-02-20T10:48:48.788+0100][gc,heap     ] GC(0) Archive regions: 2->2
[2025-02-20T10:48:48.788+0100][gc,heap     ] GC(0) Humongous regions: 0->0
[2025-02-20T10:48:48.788+0100][gc,metaspace] GC(0) Metaspace: 18898K(19072K)->18898K(19072K) NonClass: 16628K(16704K)->16628K(16704K) Class: 2270K(2368K)->2270K(2368K)
[2025-02-20T10:48:48.788+0100][gc          ] GC(0) Pause Young (Normal) (G1 Evacuation Pause) 51M->7M(1024M) 7,780ms
[2025-02-20T10:48:48.788+0100][gc,cpu      ] GC(0) User=0,04s Sys=0,03s Real=0,01s
[2025-02-20T10:48:48.941+0100][gc,start    ] GC(1) Pause Young (Concurrent Start) (Metadata GC Threshold)
[2025-02-20T10:48:48.941+0100][gc,task     ] GC(1) Using 10 workers of 10 for evacuation
[2025-02-20T10:48:48.949+0100][gc,phases   ] GC(1)   Pre Evacuate Collection Set: 0,2ms
[2025-02-20T10:48:48.949+0100][gc,phases   ] GC(1)   Merge Heap Roots: 0,0ms
[2025-02-20T10:48:48.949+0100][gc,phases   ] GC(1)   Evacuate Collection Set: 6,9ms
[2025-02-20T10:48:48.949+0100][gc,phases   ] GC(1)   Post Evacuate Collection Set: 0,5ms
[2025-02-20T10:48:48.949+0100][gc,phases   ] GC(1)   Other: 0,3ms
[2025-02-20T10:48:48.949+0100][gc,heap     ] GC(1) Eden regions: 12->0(49)
[2025-02-20T10:48:48.949+0100][gc,heap     ] GC(1) Survivor regions: 7->2(7)
[2025-02-20T10:48:48.949+0100][gc,heap     ] GC(1) Old regions: 1->7
[2025-02-20T10:48:48.949+0100][gc,heap     ] GC(1) Archive regions: 2->2
[2025-02-20T10:48:48.949+0100][gc,heap     ] GC(1) Humongous regions: 129->129
[2025-02-20T10:48:48.949+0100][gc,metaspace] GC(1) Metaspace: 21280K(21504K)->21280K(21504K) NonClass: 18707K(18816K)->18707K(18816K) Class: 2572K(2688K)->2572K(2688K)
[2025-02-20T10:48:48.949+0100][gc          ] GC(1) Pause Young (Concurrent Start) (Metadata GC Threshold) 148M->138M(1024M) 8,046ms
[2025-02-20T10:48:48.949+0100][gc,cpu      ] GC(1) User=0,05s Sys=0,02s Real=0,01s
[2025-02-20T10:48:48.949+0100][gc          ] GC(2) Concurrent Mark Cycle
[2025-02-20T10:48:48.949+0100][gc,marking  ] GC(2) Concurrent Clear Claimed Marks
[2025-02-20T10:48:48.949+0100][gc,marking  ] GC(2) Concurrent Clear Claimed Marks 0,021ms
[2025-02-20T10:48:48.949+0100][gc,marking  ] GC(2) Concurrent Scan Root Regions
[2025-02-20T10:48:48.953+0100][gc,marking  ] GC(2) Concurrent Scan Root Regions 3,597ms
[2025-02-20T10:48:48.953+0100][gc,marking  ] GC(2) Concurrent Mark
[2025-02-20T10:48:48.953+0100][gc,marking  ] GC(2) Concurrent Mark From Roots
[2025-02-20T10:48:48.953+0100][gc,task     ] GC(2) Using 3 workers of 3 for marking
[2025-02-20T10:48:48.955+0100][gc,marking  ] GC(2) Concurrent Mark From Roots 1,992ms
[2025-02-20T10:48:48.955+0100][gc,marking  ] GC(2) Concurrent Preclean
[2025-02-20T10:48:48.955+0100][gc,marking  ] GC(2) Concurrent Preclean 0,124ms
[2025-02-20T10:48:48.955+0100][gc,start    ] GC(2) Pause Remark
[2025-02-20T10:48:48.957+0100][gc          ] GC(2) Pause Remark 139M->139M(1024M) 1,823ms
[2025-02-20T10:48:48.957+0100][gc,cpu      ] GC(2) User=0,01s Sys=0,00s Real=0,00s
[2025-02-20T10:48:48.957+0100][gc,marking  ] GC(2) Concurrent Mark 4,160ms
[2025-02-20T10:48:48.957+0100][gc,marking  ] GC(2) Concurrent Rebuild Remembered Sets
[2025-02-20T10:48:48.957+0100][gc,marking  ] GC(2) Concurrent Rebuild Remembered Sets 0,008ms
[2025-02-20T10:48:48.957+0100][gc,start    ] GC(2) Pause Cleanup
[2025-02-20T10:48:48.957+0100][gc          ] GC(2) Pause Cleanup 139M->139M(1024M) 0,013ms
[2025-02-20T10:48:48.957+0100][gc,cpu      ] GC(2) User=0,00s Sys=0,00s Real=0,00s
[2025-02-20T10:48:48.957+0100][gc,marking  ] GC(2) Concurrent Cleanup for Next Mark
[2025-02-20T10:48:48.960+0100][gc,marking  ] GC(2) Concurrent Cleanup for Next Mark 2,405ms
[2025-02-20T10:48:48.960+0100][gc          ] GC(2) Concurrent Mark Cycle 10,433ms
[2025-02-20T10:48:49.413+0100][gc,start    ] GC(3) Pause Young (Normal) (G1 Evacuation Pause)
[2025-02-20T10:48:49.413+0100][gc,task     ] GC(3) Using 10 workers of 10 for evacuation
[2025-02-20T10:48:49.416+0100][gc,phases   ] GC(3)   Pre Evacuate Collection Set: 0,2ms
[2025-02-20T10:48:49.416+0100][gc,phases   ] GC(3)   Merge Heap Roots: 0,0ms
[2025-02-20T10:48:49.416+0100][gc,phases   ] GC(3)   Evacuate Collection Set: 2,4ms
[2025-02-20T10:48:49.416+0100][gc,phases   ] GC(3)   Post Evacuate Collection Set: 0,3ms
[2025-02-20T10:48:49.416+0100][gc,phases   ] GC(3)   Other: 0,2ms
[2025-02-20T10:48:49.416+0100][gc,heap     ] GC(3) Eden regions: 49->0(45)
[2025-02-20T10:48:49.416+0100][gc,heap     ] GC(3) Survivor regions: 2->6(7)
[2025-02-20T10:48:49.416+0100][gc,heap     ] GC(3) Old regions: 7->7
[2025-02-20T10:48:49.416+0100][gc,heap     ] GC(3) Archive regions: 2->2
[2025-02-20T10:48:49.416+0100][gc,heap     ] GC(3) Humongous regions: 129->129
[2025-02-20T10:48:49.416+0100][gc,metaspace] GC(3) Metaspace: 32900K(33216K)->32900K(33216K) NonClass: 29231K(29376K)->29231K(29376K) Class: 3669K(3840K)->3669K(3840K)
[2025-02-20T10:48:49.416+0100][gc          ] GC(3) Pause Young (Normal) (G1 Evacuation Pause) 187M->142M(1024M) 3,183ms
[2025-02-20T10:48:49.416+0100][gc,cpu      ] GC(3) User=0,03s Sys=0,00s Real=0,00s
[2025-02-20T11:01:30.670+0100][gc,start    ] GC(4) Pause Young (Concurrent Start) (Metadata GC Threshold)
[2025-02-20T11:01:30.670+0100][gc,task     ] GC(4) Using 10 workers of 10 for evacuation
[2025-02-20T11:01:30.676+0100][gc,phases   ] GC(4)   Pre Evacuate Collection Set: 0,2ms
[2025-02-20T11:01:30.676+0100][gc,phases   ] GC(4)   Merge Heap Roots: 0,0ms
[2025-02-20T11:01:30.676+0100][gc,phases   ] GC(4)   Evacuate Collection Set: 5,4ms
[2025-02-20T11:01:30.676+0100][gc,phases   ] GC(4)   Post Evacuate Collection Set: 0,3ms
[2025-02-20T11:01:30.676+0100][gc,phases   ] GC(4)   Other: 0,5ms
[2025-02-20T11:01:30.676+0100][gc,heap     ] GC(4) Eden regions: 18->0(49)
[2025-02-20T11:01:30.676+0100][gc,heap     ] GC(4) Survivor regions: 6->2(7)
[2025-02-20T11:01:30.676+0100][gc,heap     ] GC(4) Old regions: 7->13
[2025-02-20T11:01:30.676+0100][gc,heap     ] GC(4) Archive regions: 2->2
[2025-02-20T11:01:30.676+0100][gc,heap     ] GC(4) Humongous regions: 129->129
[2025-02-20T11:01:30.676+0100][gc,metaspace] GC(4) Metaspace: 35718K(36096K)->35718K(36096K) NonClass: 31631K(31872K)->31631K(31872K) Class: 4086K(4224K)->4086K(4224K)
[2025-02-20T11:01:30.676+0100][gc          ] GC(4) Pause Young (Concurrent Start) (Metadata GC Threshold) 160M->143M(1024M) 6,446ms
[2025-02-20T11:01:30.676+0100][gc,cpu      ] GC(4) User=0,04s Sys=0,01s Real=0,00s
[2025-02-20T11:01:30.676+0100][gc          ] GC(5) Concurrent Mark Cycle
[2025-02-20T11:01:30.676+0100][gc,marking  ] GC(5) Concurrent Clear Claimed Marks
[2025-02-20T11:01:30.676+0100][gc,marking  ] GC(5) Concurrent Clear Claimed Marks 0,042ms
[2025-02-20T11:01:30.676+0100][gc,marking  ] GC(5) Concurrent Scan Root Regions
[2025-02-20T11:01:30.678+0100][gc,marking  ] GC(5) Concurrent Scan Root Regions 1,682ms
[2025-02-20T11:01:30.678+0100][gc,marking  ] GC(5) Concurrent Mark
[2025-02-20T11:01:30.678+0100][gc,marking  ] GC(5) Concurrent Mark From Roots
[2025-02-20T11:01:30.678+0100][gc,task     ] GC(5) Using 3 workers of 3 for marking
[2025-02-20T11:01:30.682+0100][gc,marking  ] GC(5) Concurrent Mark From Roots 4,065ms
[2025-02-20T11:01:30.682+0100][gc,marking  ] GC(5) Concurrent Preclean
[2025-02-20T11:01:30.682+0100][gc,marking  ] GC(5) Concurrent Preclean 0,138ms
[2025-02-20T11:01:30.682+0100][gc,start    ] GC(5) Pause Remark
[2025-02-20T11:01:30.684+0100][gc          ] GC(5) Pause Remark 144M->144M(1024M) 1,432ms
[2025-02-20T11:01:30.684+0100][gc,cpu      ] GC(5) User=0,01s Sys=0,00s Real=0,00s
[2025-02-20T11:01:30.684+0100][gc,marking  ] GC(5) Concurrent Mark 5,824ms
[2025-02-20T11:01:30.684+0100][gc,marking  ] GC(5) Concurrent Rebuild Remembered Sets
[2025-02-20T11:01:30.687+0100][gc,marking  ] GC(5) Concurrent Rebuild Remembered Sets 3,473ms
[2025-02-20T11:01:30.687+0100][gc,start    ] GC(5) Pause Cleanup
[2025-02-20T11:01:30.688+0100][gc          ] GC(5) Pause Cleanup 144M->144M(1024M) 0,177ms
[2025-02-20T11:01:30.688+0100][gc,cpu      ] GC(5) User=0,00s Sys=0,00s Real=0,00s
[2025-02-20T11:01:30.688+0100][gc,marking  ] GC(5) Concurrent Cleanup for Next Mark
[2025-02-20T11:01:30.690+0100][gc,marking  ] GC(5) Concurrent Cleanup for Next Mark 2,393ms
[2025-02-20T11:01:30.690+0100][gc          ] GC(5) Concurrent Mark Cycle 13,853ms
[2025-02-20T11:14:05.876+0100][gc,start    ] GC(6) Pause Young (Normal) (G1 Evacuation Pause)
[2025-02-20T11:14:05.877+0100][gc,task     ] GC(6) Using 10 workers of 10 for evacuation
[2025-02-20T11:14:05.881+0100][gc,phases   ] GC(6)   Pre Evacuate Collection Set: 0,2ms
[2025-02-20T11:14:05.882+0100][gc,phases   ] GC(6)   Merge Heap Roots: 0,1ms
[2025-02-20T11:14:05.882+0100][gc,phases   ] GC(6)   Evacuate Collection Set: 3,5ms
[2025-02-20T11:14:05.882+0100][gc,phases   ] GC(6)   Post Evacuate Collection Set: 0,7ms
[2025-02-20T11:14:05.882+0100][gc,phases   ] GC(6)   Other: 0,5ms
[2025-02-20T11:14:05.882+0100][gc,heap     ] GC(6) Eden regions: 49->0(48)
[2025-02-20T11:14:05.882+0100][gc,heap     ] GC(6) Survivor regions: 2->3(7)
[2025-02-20T11:14:05.882+0100][gc,heap     ] GC(6) Old regions: 13->13
[2025-02-20T11:14:05.882+0100][gc,heap     ] GC(6) Archive regions: 2->2
[2025-02-20T11:14:05.882+0100][gc,heap     ] GC(6) Humongous regions: 129->129
[2025-02-20T11:14:05.882+0100][gc,metaspace] GC(6) Metaspace: 38756K(39168K)->38756K(39168K) NonClass: 34350K(34560K)->34350K(34560K) Class: 4406K(4608K)->4406K(4608K)
[2025-02-20T11:14:05.882+0100][gc          ] GC(6) Pause Young (Normal) (G1 Evacuation Pause) 192M->145M(1024M) 5,233ms
[2025-02-20T11:14:05.882+0100][gc,cpu      ] GC(6) User=0,04s Sys=0,00s Real=0,01s
[2025-02-20T11:24:25.317+0100][gc,start    ] GC(7) Pause Young (Normal) (G1 Evacuation Pause)
[2025-02-20T11:24:25.318+0100][gc,task     ] GC(7) Using 10 workers of 10 for evacuation
[2025-02-20T11:24:25.323+0100][gc,phases   ] GC(7)   Pre Evacuate Collection Set: 0,3ms
[2025-02-20T11:24:25.324+0100][gc,phases   ] GC(7)   Merge Heap Roots: 0,1ms
[2025-02-20T11:24:25.324+0100][gc,phases   ] GC(7)   Evacuate Collection Set: 4,4ms
[2025-02-20T11:24:25.324+0100][gc,phases   ] GC(7)   Post Evacuate Collection Set: 0,8ms
[2025-02-20T11:24:25.324+0100][gc,phases   ] GC(7)   Other: 0,6ms
[2025-02-20T11:24:25.324+0100][gc,heap     ] GC(7) Eden regions: 48->0(47)
[2025-02-20T11:24:25.324+0100][gc,heap     ] GC(7) Survivor regions: 3->4(7)
[2025-02-20T11:24:25.324+0100][gc,heap     ] GC(7) Old regions: 13->13
[2025-02-20T11:24:25.324+0100][gc,heap     ] GC(7) Archive regions: 2->2
[2025-02-20T11:24:25.324+0100][gc,heap     ] GC(7) Humongous regions: 129->129
[2025-02-20T11:24:25.324+0100][gc,metaspace] GC(7) Metaspace: 39698K(40128K)->39698K(40128K) NonClass: 35152K(35392K)->35152K(35392K) Class: 4546K(4736K)->4546K(4736K)
[2025-02-20T11:24:25.324+0100][gc          ] GC(7) Pause Young (Normal) (G1 Evacuation Pause) 193M->146M(1024M) 6,323ms
[2025-02-20T11:24:25.324+0100][gc,cpu      ] GC(7) User=0,04s Sys=0,01s Real=0,01s
[2025-02-20T11:32:19.181+0100][gc,start    ] GC(8) Pause Young (Normal) (G1 Evacuation Pause)
[2025-02-20T11:32:19.181+0100][gc,task     ] GC(8) Using 10 workers of 10 for evacuation
[2025-02-20T11:32:19.189+0100][gc,phases   ] GC(8)   Pre Evacuate Collection Set: 0,2ms
[2025-02-20T11:32:19.189+0100][gc,phases   ] GC(8)   Merge Heap Roots: 0,1ms
[2025-02-20T11:32:19.189+0100][gc,phases   ] GC(8)   Evacuate Collection Set: 6,0ms
[2025-02-20T11:32:19.189+0100][gc,phases   ] GC(8)   Post Evacuate Collection Set: 0,9ms
[2025-02-20T11:32:19.189+0100][gc,phases   ] GC(8)   Other: 0,5ms
[2025-02-20T11:32:19.189+0100][gc,heap     ] GC(8) Eden regions: 47->0(46)
[2025-02-20T11:32:19.189+0100][gc,heap     ] GC(8) Survivor regions: 4->5(7)
[2025-02-20T11:32:19.189+0100][gc,heap     ] GC(8) Old regions: 13->14
[2025-02-20T11:32:19.189+0100][gc,heap     ] GC(8) Archive regions: 2->2
[2025-02-20T11:32:19.189+0100][gc,heap     ] GC(8) Humongous regions: 129->129
[2025-02-20T11:32:19.189+0100][gc,metaspace] GC(8) Metaspace: 40670K(41216K)->40670K(41216K) NonClass: 35962K(36288K)->35962K(36288K) Class: 4708K(4928K)->4708K(4928K)
[2025-02-20T11:32:19.189+0100][gc          ] GC(8) Pause Young (Normal) (G1 Evacuation Pause) 193M->147M(1024M) 7,843ms
[2025-02-20T11:32:19.189+0100][gc,cpu      ] GC(8) User=0,05s Sys=0,02s Real=0,01s
[2025-02-20T11:39:25.178+0100][gc,start    ] GC(9) Pause Young (Normal) (G1 Evacuation Pause)
[2025-02-20T11:39:25.178+0100][gc,task     ] GC(9) Using 10 workers of 10 for evacuation
[2025-02-20T11:39:25.182+0100][gc,phases   ] GC(9)   Pre Evacuate Collection Set: 0,1ms
[2025-02-20T11:39:25.182+0100][gc,phases   ] GC(9)   Merge Heap Roots: 0,1ms
[2025-02-20T11:39:25.182+0100][gc,phases   ] GC(9)   Evacuate Collection Set: 3,1ms
[2025-02-20T11:39:25.182+0100][gc,phases   ] GC(9)   Post Evacuate Collection Set: 0,4ms
[2025-02-20T11:39:25.182+0100][gc,phases   ] GC(9)   Other: 0,3ms
[2025-02-20T11:39:25.182+0100][gc,heap     ] GC(9) Eden regions: 46->0(51)
[2025-02-20T11:39:25.182+0100][gc,heap     ] GC(9) Survivor regions: 5->5(7)
[2025-02-20T11:39:25.182+0100][gc,heap     ] GC(9) Old regions: 14->14
[2025-02-20T11:39:25.182+0100][gc,heap     ] GC(9) Archive regions: 2->2
[2025-02-20T11:39:25.182+0100][gc,heap     ] GC(9) Humongous regions: 129->129
[2025-02-20T11:39:25.182+0100][gc,metaspace] GC(9) Metaspace: 42571K(43200K)->42571K(43200K) NonClass: 37466K(37824K)->37466K(37824K) Class: 5105K(5376K)->5105K(5376K)
[2025-02-20T11:39:25.182+0100][gc          ] GC(9) Pause Young (Normal) (G1 Evacuation Pause) 193M->148M(1024M) 4,108ms
[2025-02-20T11:39:25.182+0100][gc,cpu      ] GC(9) User=0,03s Sys=0,00s Real=0,01s
[2025-02-20T11:48:49.309+0100][gc,start    ] GC(10) Pause Young (Normal) (G1 Evacuation Pause)
[2025-02-20T11:48:49.309+0100][gc,task     ] GC(10) Using 10 workers of 10 for evacuation
[2025-02-20T11:48:49.315+0100][gc,phases   ] GC(10)   Pre Evacuate Collection Set: 0,2ms
[2025-02-20T11:48:49.315+0100][gc,phases   ] GC(10)   Merge Heap Roots: 0,1ms
[2025-02-20T11:48:49.315+0100][gc,phases   ] GC(10)   Evacuate Collection Set: 4,6ms
[2025-02-20T11:48:49.315+0100][gc,phases   ] GC(10)   Post Evacuate Collection Set: 0,5ms
[2025-02-20T11:48:49.315+0100][gc,phases   ] GC(10)   Other: 0,4ms
[2025-02-20T11:48:49.315+0100][gc,heap     ] GC(10) Eden regions: 51->0(77)
[2025-02-20T11:48:49.315+0100][gc,heap     ] GC(10) Survivor regions: 5->5(7)
[2025-02-20T11:48:49.315+0100][gc,heap     ] GC(10) Old regions: 14->15
[2025-02-20T11:48:49.315+0100][gc,heap     ] GC(10) Archive regions: 2->2
[2025-02-20T11:48:49.315+0100][gc,heap     ] GC(10) Humongous regions: 129->129
[2025-02-20T11:48:49.315+0100][gc,metaspace] GC(10) Metaspace: 42910K(43456K)->42910K(43456K) NonClass: 37753K(38080K)->37753K(38080K) Class: 5157K(5376K)->5157K(5376K)
[2025-02-20T11:48:49.315+0100][gc          ] GC(10) Pause Young (Normal) (G1 Evacuation Pause) 199M->149M(1024M) 5,938ms
[2025-02-20T11:48:49.315+0100][gc,cpu      ] GC(10) User=0,04s Sys=0,01s Real=0,00s
[2025-02-20T12:03:38.817+0100][gc,start    ] GC(11) Pause Young (Normal) (G1 Evacuation Pause)
[2025-02-20T12:03:38.817+0100][gc,task     ] GC(11) Using 10 workers of 10 for evacuation
[2025-02-20T12:03:38.828+0100][gc,phases   ] GC(11)   Pre Evacuate Collection Set: 0,2ms
[2025-02-20T12:03:38.828+0100][gc,phases   ] GC(11)   Merge Heap Roots: 0,1ms
[2025-02-20T12:03:38.828+0100][gc,phases   ] GC(11)   Evacuate Collection Set: 9,7ms
[2025-02-20T12:03:38.828+0100][gc,phases   ] GC(11)   Post Evacuate Collection Set: 0,6ms
[2025-02-20T12:03:38.828+0100][gc,phases   ] GC(11)   Other: 0,6ms
[2025-02-20T12:03:38.828+0100][gc,heap     ] GC(11) Eden regions: 77->0(159)
[2025-02-20T12:03:38.828+0100][gc,heap     ] GC(11) Survivor regions: 5->4(11)
[2025-02-20T12:03:38.828+0100][gc,heap     ] GC(11) Old regions: 15->15
[2025-02-20T12:03:38.828+0100][gc,heap     ] GC(11) Archive regions: 2->2
[2025-02-20T12:03:38.828+0100][gc,heap     ] GC(11) Humongous regions: 129->129
[2025-02-20T12:03:38.828+0100][gc,metaspace] GC(11) Metaspace: 42967K(43584K)->42967K(43584K) NonClass: 37806K(38208K)->37806K(38208K) Class: 5161K(5376K)->5161K(5376K)
[2025-02-20T12:03:38.828+0100][gc          ] GC(11) Pause Young (Normal) (G1 Evacuation Pause) 226M->148M(1024M) 11,282ms
[2025-02-20T12:03:38.828+0100][gc,cpu      ] GC(11) User=0,04s Sys=0,07s Real=0,02s
[2025-02-20T12:15:25.633+0100][gc,heap,exit] Heap
[2025-02-20T12:15:25.634+0100][gc,heap,exit]  garbage-first heap   total 1048576K, used 223881K [0x00000000c0000000, 0x0000000100000000)
[2025-02-20T12:15:25.634+0100][gc,heap,exit]   region size 1024K, 74 young (75776K), 4 survivors (4096K)
[2025-02-20T12:15:25.634+0100][gc,heap,exit]  Metaspace       used 43614K, committed 44160K, reserved 1114112K
[2025-02-20T12:15:25.634+0100][gc,heap,exit]   class space    used 5325K, committed 5568K, reserved 1048576K
