[2025-03-19T21:17:04.196+0100][gc] Using G1
[2025-03-19T21:17:04.201+0100][gc,init] Version: 17.0.14+7-Debian-1deb12u1 (release)
[2025-03-19T21:17:04.201+0100][gc,init] CPUs: 20 total, 20 available
[2025-03-19T21:17:04.201+0100][gc,init] Memory: 64036M
[2025-03-19T21:17:04.201+0100][gc,init] Large Page Support: Disabled
[2025-03-19T21:17:04.201+0100][gc,init] NUMA Support: Disabled
[2025-03-19T21:17:04.201+0100][gc,init] Compressed Oops: Enabled (32-bit)
[2025-03-19T21:17:04.201+0100][gc,init] Heap Region Size: 1M
[2025-03-19T21:17:04.201+0100][gc,init] Heap Min Capacity: 512M
[2025-03-19T21:17:04.201+0100][gc,init] Heap Initial Capacity: 512M
[2025-03-19T21:17:04.201+0100][gc,init] Heap Max Capacity: 512M
[2025-03-19T21:17:04.201+0100][gc,init] Pre-touch: Disabled
[2025-03-19T21:17:04.201+0100][gc,init] Parallel Workers: 15
[2025-03-19T21:17:04.201+0100][gc,init] Concurrent Workers: 4
[2025-03-19T21:17:04.201+0100][gc,init] Concurrent Refinement Workers: 15
[2025-03-19T21:17:04.201+0100][gc,init] Periodic GC: Disabled
[2025-03-19T21:17:04.206+0100][gc,metaspace] CDS archive(s) mapped at: [0x00007fbda7000000-0x00007fbda7bc9000-0x00007fbda7bc9000), size 12357632, SharedBaseAddress: 0x00007fbda7000000, ArchiveRelocationMode: 1.
[2025-03-19T21:17:04.206+0100][gc,metaspace] Compressed class space mapped at: 0x00007fbda8000000-0x00007fbde8000000, reserved size: 1073741824
[2025-03-19T21:17:04.206+0100][gc,metaspace] Narrow klass base: 0x00007fbda7000000, Narrow klass shift: 0, Narrow klass range: 0x100000000
[2025-03-19T21:17:04.608+0100][gc,start    ] GC(0) Pause Young (Normal) (G1 Evacuation Pause)
[2025-03-19T21:17:04.609+0100][gc,task     ] GC(0) Using 12 workers of 15 for evacuation
[2025-03-19T21:17:04.611+0100][gc,phases   ] GC(0)   Pre Evacuate Collection Set: 0,0ms
[2025-03-19T21:17:04.611+0100][gc,phases   ] GC(0)   Merge Heap Roots: 0,2ms
[2025-03-19T21:17:04.611+0100][gc,phases   ] GC(0)   Evacuate Collection Set: 1,5ms
[2025-03-19T21:17:04.611+0100][gc,phases   ] GC(0)   Post Evacuate Collection Set: 0,2ms
[2025-03-19T21:17:04.611+0100][gc,phases   ] GC(0)   Other: 0,8ms
[2025-03-19T21:17:04.611+0100][gc,heap     ] GC(0) Eden regions: 25->0(21)
[2025-03-19T21:17:04.611+0100][gc,heap     ] GC(0) Survivor regions: 0->4(4)
[2025-03-19T21:17:04.611+0100][gc,heap     ] GC(0) Old regions: 0->4
[2025-03-19T21:17:04.611+0100][gc,heap     ] GC(0) Archive regions: 2->2
[2025-03-19T21:17:04.611+0100][gc,heap     ] GC(0) Humongous regions: 0->0
[2025-03-19T21:17:04.611+0100][gc,metaspace] GC(0) Metaspace: 7981K(8192K)->7981K(8192K) NonClass: 7114K(7232K)->7114K(7232K) Class: 866K(960K)->866K(960K)
[2025-03-19T21:17:04.611+0100][gc          ] GC(0) Pause Young (Normal) (G1 Evacuation Pause) 25M->8M(512M) 2,772ms
[2025-03-19T21:17:04.611+0100][gc,cpu      ] GC(0) User=0,02s Sys=0,00s Real=0,00s
[2025-03-19T21:20:51.105+0100][gc,heap,exit] Heap
[2025-03-19T21:20:51.105+0100][gc,heap,exit]  garbage-first heap   total 524288K, used 18539K [0x00000000e0000000, 0x0000000100000000)
[2025-03-19T21:20:51.105+0100][gc,heap,exit]   region size 1024K, 15 young (15360K), 4 survivors (4096K)
[2025-03-19T21:20:51.105+0100][gc,heap,exit]  Metaspace       used 9006K, committed 9216K, reserved 1114112K
[2025-03-19T21:20:51.105+0100][gc,heap,exit]   class space    used 937K, committed 1024K, reserved 1048576K
