[2025-03-21T07:53:54.571+0100][gc] Using G1
[2025-03-21T07:53:54.583+0100][gc,init] Version: 17.0.14+7-Debian-1deb12u1 (release)
[2025-03-21T07:53:54.583+0100][gc,init] CPUs: 20 total, 20 available
[2025-03-21T07:53:54.583+0100][gc,init] Memory: 64036M
[2025-03-21T07:53:54.583+0100][gc,init] Large Page Support: Disabled
[2025-03-21T07:53:54.583+0100][gc,init] NUMA Support: Disabled
[2025-03-21T07:53:54.583+0100][gc,init] Compressed Oops: Enabled (32-bit)
[2025-03-21T07:53:54.583+0100][gc,init] Heap Region Size: 1M
[2025-03-21T07:53:54.583+0100][gc,init] Heap Min Capacity: 512M
[2025-03-21T07:53:54.583+0100][gc,init] Heap Initial Capacity: 512M
[2025-03-21T07:53:54.583+0100][gc,init] Heap Max Capacity: 512M
[2025-03-21T07:53:54.583+0100][gc,init] Pre-touch: Disabled
[2025-03-21T07:53:54.583+0100][gc,init] Parallel Workers: 15
[2025-03-21T07:53:54.583+0100][gc,init] Concurrent Workers: 4
[2025-03-21T07:53:54.583+0100][gc,init] Concurrent Refinement Workers: 15
[2025-03-21T07:53:54.583+0100][gc,init] Periodic GC: Disabled
[2025-03-21T07:53:54.590+0100][gc,metaspace] CDS archive(s) mapped at: [0x00007f214f000000-0x00007f214fbc9000-0x00007f214fbc9000), size 12357632, SharedBaseAddress: 0x00007f214f000000, ArchiveRelocationMode: 1.
[2025-03-21T07:53:54.590+0100][gc,metaspace] Compressed class space mapped at: 0x00007f2150000000-0x00007f2190000000, reserved size: 1073741824
[2025-03-21T07:53:54.590+0100][gc,metaspace] Narrow klass base: 0x00007f214f000000, Narrow klass shift: 0, Narrow klass range: 0x100000000
[2025-03-21T07:53:54.956+0100][gc,start    ] GC(0) Pause Young (Normal) (G1 Evacuation Pause)
[2025-03-21T07:53:54.957+0100][gc,task     ] GC(0) Using 12 workers of 15 for evacuation
[2025-03-21T07:53:54.961+0100][gc,phases   ] GC(0)   Pre Evacuate Collection Set: 0,1ms
[2025-03-21T07:53:54.961+0100][gc,phases   ] GC(0)   Merge Heap Roots: 0,0ms
[2025-03-21T07:53:54.961+0100][gc,phases   ] GC(0)   Evacuate Collection Set: 3,7ms
[2025-03-21T07:53:54.961+0100][gc,phases   ] GC(0)   Post Evacuate Collection Set: 0,2ms
[2025-03-21T07:53:54.961+0100][gc,phases   ] GC(0)   Other: 1,0ms
[2025-03-21T07:53:54.961+0100][gc,heap     ] GC(0) Eden regions: 25->0(21)
[2025-03-21T07:53:54.961+0100][gc,heap     ] GC(0) Survivor regions: 0->4(4)
[2025-03-21T07:53:54.961+0100][gc,heap     ] GC(0) Old regions: 0->4
[2025-03-21T07:53:54.961+0100][gc,heap     ] GC(0) Archive regions: 2->2
[2025-03-21T07:53:54.961+0100][gc,heap     ] GC(0) Humongous regions: 0->0
[2025-03-21T07:53:54.961+0100][gc,metaspace] GC(0) Metaspace: 8002K(8192K)->8002K(8192K) NonClass: 7145K(7232K)->7145K(7232K) Class: 856K(960K)->856K(960K)
[2025-03-21T07:53:54.961+0100][gc          ] GC(0) Pause Young (Normal) (G1 Evacuation Pause) 25M->8M(512M) 5,144ms
[2025-03-21T07:53:54.961+0100][gc,cpu      ] GC(0) User=0,02s Sys=0,04s Real=0,00s
[2025-03-21T07:54:05.501+0100][gc,heap,exit] Heap
[2025-03-21T07:54:05.502+0100][gc,heap,exit]  garbage-first heap   total 524288K, used 12568K [0x00000000e0000000, 0x0000000100000000)
[2025-03-21T07:54:05.502+0100][gc,heap,exit]   region size 1024K, 9 young (9216K), 4 survivors (4096K)
[2025-03-21T07:54:05.502+0100][gc,heap,exit]  Metaspace       used 8467K, committed 8640K, reserved 1114112K
[2025-03-21T07:54:05.502+0100][gc,heap,exit]   class space    used 912K, committed 960K, reserved 1048576K
