[2025-03-19T21:10:38.538+0100][gc] Using G1
[2025-03-19T21:10:38.543+0100][gc,init] Version: 17.0.14+7-Debian-1deb12u1 (release)
[2025-03-19T21:10:38.543+0100][gc,init] CPUs: 20 total, 20 available
[2025-03-19T21:10:38.543+0100][gc,init] Memory: 64036M
[2025-03-19T21:10:38.543+0100][gc,init] Large Page Support: Disabled
[2025-03-19T21:10:38.543+0100][gc,init] NUMA Support: Disabled
[2025-03-19T21:10:38.543+0100][gc,init] Compressed Oops: Enabled (32-bit)
[2025-03-19T21:10:38.543+0100][gc,init] Heap Region Size: 1M
[2025-03-19T21:10:38.543+0100][gc,init] Heap Min Capacity: 512M
[2025-03-19T21:10:38.543+0100][gc,init] Heap Initial Capacity: 512M
[2025-03-19T21:10:38.543+0100][gc,init] Heap Max Capacity: 512M
[2025-03-19T21:10:38.543+0100][gc,init] Pre-touch: Disabled
[2025-03-19T21:10:38.543+0100][gc,init] Parallel Workers: 15
[2025-03-19T21:10:38.543+0100][gc,init] Concurrent Workers: 4
[2025-03-19T21:10:38.543+0100][gc,init] Concurrent Refinement Workers: 15
[2025-03-19T21:10:38.543+0100][gc,init] Periodic GC: Disabled
[2025-03-19T21:10:38.548+0100][gc,metaspace] CDS archive(s) mapped at: [0x00007fee07000000-0x00007fee07bc9000-0x00007fee07bc9000), size 12357632, SharedBaseAddress: 0x00007fee07000000, ArchiveRelocationMode: 1.
[2025-03-19T21:10:38.548+0100][gc,metaspace] Compressed class space mapped at: 0x00007fee08000000-0x00007fee48000000, reserved size: 1073741824
[2025-03-19T21:10:38.548+0100][gc,metaspace] Narrow klass base: 0x00007fee07000000, Narrow klass shift: 0, Narrow klass range: 0x100000000
[2025-03-19T21:10:39.047+0100][gc,start    ] GC(0) Pause Young (Normal) (GCLocker Initiated GC)
[2025-03-19T21:10:39.048+0100][gc,task     ] GC(0) Using 12 workers of 15 for evacuation
[2025-03-19T21:10:39.052+0100][gc,phases   ] GC(0)   Pre Evacuate Collection Set: 0,1ms
[2025-03-19T21:10:39.052+0100][gc,phases   ] GC(0)   Merge Heap Roots: 0,0ms
[2025-03-19T21:10:39.052+0100][gc,phases   ] GC(0)   Evacuate Collection Set: 3,7ms
[2025-03-19T21:10:39.052+0100][gc,phases   ] GC(0)   Post Evacuate Collection Set: 0,3ms
[2025-03-19T21:10:39.052+0100][gc,phases   ] GC(0)   Other: 1,0ms
[2025-03-19T21:10:39.052+0100][gc,heap     ] GC(0) Eden regions: 25->0(21)
[2025-03-19T21:10:39.052+0100][gc,heap     ] GC(0) Survivor regions: 0->4(4)
[2025-03-19T21:10:39.052+0100][gc,heap     ] GC(0) Old regions: 0->4
[2025-03-19T21:10:39.052+0100][gc,heap     ] GC(0) Archive regions: 2->2
[2025-03-19T21:10:39.052+0100][gc,heap     ] GC(0) Humongous regions: 0->0
[2025-03-19T21:10:39.052+0100][gc,metaspace] GC(0) Metaspace: 7978K(8192K)->7978K(8192K) NonClass: 7127K(7232K)->7127K(7232K) Class: 850K(960K)->850K(960K)
[2025-03-19T21:10:39.052+0100][gc          ] GC(0) Pause Young (Normal) (GCLocker Initiated GC) 25M->8M(512M) 5,068ms
[2025-03-19T21:10:39.052+0100][gc,cpu      ] GC(0) User=0,01s Sys=0,04s Real=0,00s
[2025-03-19T21:11:05.477+0100][gc,heap,exit] Heap
[2025-03-19T21:11:05.477+0100][gc,heap,exit]  garbage-first heap   total 524288K, used 11377K [0x00000000e0000000, 0x0000000100000000)
[2025-03-19T21:11:05.478+0100][gc,heap,exit]   region size 1024K, 7 young (7168K), 4 survivors (4096K)
[2025-03-19T21:11:05.478+0100][gc,heap,exit]  Metaspace       used 8261K, committed 8448K, reserved 1114112K
[2025-03-19T21:11:05.478+0100][gc,heap,exit]   class space    used 892K, committed 960K, reserved 1048576K
