[2025-02-20T10:43:04.939+0100][gc] Using G1
[2025-02-20T10:43:04.953+0100][gc,init] Version: 17.0.14+7-Debian-1deb12u1 (release)
[2025-02-20T10:43:04.953+0100][gc,init] CPUs: 12 total, 12 available
[2025-02-20T10:43:04.953+0100][gc,init] Memory: 63989M
[2025-02-20T10:43:04.953+0100][gc,init] Large Page Support: Disabled
[2025-02-20T10:43:04.953+0100][gc,init] NUMA Support: Disabled
[2025-02-20T10:43:04.953+0100][gc,init] Compressed Oops: Enabled (32-bit)
[2025-02-20T10:43:04.953+0100][gc,init] Heap Region Size: 1M
[2025-02-20T10:43:04.953+0100][gc,init] Heap Min Capacity: 512M
[2025-02-20T10:43:04.953+0100][gc,init] Heap Initial Capacity: 512M
[2025-02-20T10:43:04.953+0100][gc,init] Heap Max Capacity: 512M
[2025-02-20T10:43:04.953+0100][gc,init] Pre-touch: Disabled
[2025-02-20T10:43:04.953+0100][gc,init] Parallel Workers: 10
[2025-02-20T10:43:04.953+0100][gc,init] Concurrent Workers: 3
[2025-02-20T10:43:04.953+0100][gc,init] Concurrent Refinement Workers: 10
[2025-02-20T10:43:04.953+0100][gc,init] Periodic GC: Disabled
[2025-02-20T10:43:04.962+0100][gc,metaspace] CDS archive(s) mapped at: [0x00007f3b27000000-0x00007f3b27bc9000-0x00007f3b27bc9000), size 12357632, SharedBaseAddress: 0x00007f3b27000000, ArchiveRelocationMode: 1.
[2025-02-20T10:43:04.962+0100][gc,metaspace] Compressed class space mapped at: 0x00007f3b28000000-0x00007f3b68000000, reserved size: 1073741824
[2025-02-20T10:43:04.962+0100][gc,metaspace] Narrow klass base: 0x00007f3b27000000, Narrow klass shift: 0, Narrow klass range: 0x100000000
[2025-02-20T10:44:17.739+0100][gc,start    ] GC(0) Pause Young (Normal) (G1 Evacuation Pause)
[2025-02-20T10:44:17.740+0100][gc,task     ] GC(0) Using 10 workers of 10 for evacuation
[2025-02-20T10:44:17.754+0100][gc,phases   ] GC(0)   Pre Evacuate Collection Set: 0,2ms
[2025-02-20T10:44:17.754+0100][gc,phases   ] GC(0)   Merge Heap Roots: 0,1ms
[2025-02-20T10:44:17.754+0100][gc,phases   ] GC(0)   Evacuate Collection Set: 13,2ms
[2025-02-20T10:44:17.754+0100][gc,phases   ] GC(0)   Post Evacuate Collection Set: 0,5ms
[2025-02-20T10:44:17.754+0100][gc,phases   ] GC(0)   Other: 1,4ms
[2025-02-20T10:44:17.754+0100][gc,heap     ] GC(0) Eden regions: 25->0(21)
[2025-02-20T10:44:17.754+0100][gc,heap     ] GC(0) Survivor regions: 0->4(4)
[2025-02-20T10:44:17.754+0100][gc,heap     ] GC(0) Old regions: 0->4
[2025-02-20T10:44:17.754+0100][gc,heap     ] GC(0) Archive regions: 2->2
[2025-02-20T10:44:17.754+0100][gc,heap     ] GC(0) Humongous regions: 0->0
[2025-02-20T10:44:17.754+0100][gc,metaspace] GC(0) Metaspace: 7938K(8064K)->7938K(8064K) NonClass: 7047K(7104K)->7047K(7104K) Class: 890K(960K)->890K(960K)
[2025-02-20T10:44:17.754+0100][gc          ] GC(0) Pause Young (Normal) (G1 Evacuation Pause) 25M->8M(512M) 15,448ms
[2025-02-20T10:44:17.754+0100][gc,cpu      ] GC(0) User=0,02s Sys=0,11s Real=0,01s
[2025-02-20T10:45:28.673+0100][gc,heap,exit] Heap
[2025-02-20T10:45:28.673+0100][gc,heap,exit]  garbage-first heap   total 524288K, used 12995K [0x00000000e0000000, 0x0000000100000000)
[2025-02-20T10:45:28.673+0100][gc,heap,exit]   region size 1024K, 9 young (9216K), 4 survivors (4096K)
[2025-02-20T10:45:28.673+0100][gc,heap,exit]  Metaspace       used 8186K, committed 8384K, reserved 1114112K
[2025-02-20T10:45:28.673+0100][gc,heap,exit]   class space    used 918K, committed 1024K, reserved 1048576K
