[2025-03-21T21:29:00.903+0100][gc] Using G1
[2025-03-21T21:29:00.919+0100][gc,init] Version: 17.0.14+7-Debian-1deb12u1 (release)
[2025-03-21T21:29:00.919+0100][gc,init] CPUs: 96 total, 96 available
[2025-03-21T21:29:00.919+0100][gc,init] Memory: 376G
[2025-03-21T21:29:00.919+0100][gc,init] Large Page Support: Disabled
[2025-03-21T21:29:00.919+0100][gc,init] NUMA Support: Disabled
[2025-03-21T21:29:00.919+0100][gc,init] Compressed Oops: Enabled (32-bit)
[2025-03-21T21:29:00.919+0100][gc,init] Heap Region Size: 1M
[2025-03-21T21:29:00.919+0100][gc,init] Heap Min Capacity: 512M
[2025-03-21T21:29:00.919+0100][gc,init] Heap Initial Capacity: 512M
[2025-03-21T21:29:00.919+0100][gc,init] Heap Max Capacity: 512M
[2025-03-21T21:29:00.919+0100][gc,init] Pre-touch: Disabled
[2025-03-21T21:29:00.919+0100][gc,init] Parallel Workers: 63
[2025-03-21T21:29:00.919+0100][gc,init] Concurrent Workers: 16
[2025-03-21T21:29:00.919+0100][gc,init] Concurrent Refinement Workers: 63
[2025-03-21T21:29:00.919+0100][gc,init] Periodic GC: Disabled
[2025-03-21T21:29:00.927+0100][gc,metaspace] CDS archive(s) mapped at: [0x00007f030f000000-0x00007f030fbc9000-0x00007f030fbc9000), size 12357632, SharedBaseAddress: 0x00007f030f000000, ArchiveRelocationMode: 1.
[2025-03-21T21:29:00.927+0100][gc,metaspace] Compressed class space mapped at: 0x00007f0310000000-0x00007f0350000000, reserved size: 1073741824
[2025-03-21T21:29:00.927+0100][gc,metaspace] Narrow klass base: 0x00007f030f000000, Narrow klass shift: 0, Narrow klass range: 0x100000000
[2025-03-21T21:29:02.907+0100][gc,heap,exit] Heap
[2025-03-21T21:29:02.907+0100][gc,heap,exit]  garbage-first heap   total 524288K, used 21424K [0x00000000e0000000, 0x0000000100000000)
[2025-03-21T21:29:02.907+0100][gc,heap,exit]   region size 1024K, 20 young (20480K), 0 survivors (0K)
[2025-03-21T21:29:02.907+0100][gc,heap,exit]  Metaspace       used 7127K, committed 7360K, reserved 1114112K
[2025-03-21T21:29:02.907+0100][gc,heap,exit]   class space    used 787K, committed 896K, reserved 1048576K
