[2025-03-06T10:36:10.369+0100][gc] Using G1
[2025-03-06T10:36:10.381+0100][gc,init] Version: 17.0.14+7-Debian-1deb12u1 (release)
[2025-03-06T10:36:10.381+0100][gc,init] CPUs: 12 total, 12 available
[2025-03-06T10:36:10.381+0100][gc,init] Memory: 63989M
[2025-03-06T10:36:10.381+0100][gc,init] Large Page Support: Disabled
[2025-03-06T10:36:10.381+0100][gc,init] NUMA Support: Disabled
[2025-03-06T10:36:10.381+0100][gc,init] Compressed Oops: Enabled (32-bit)
[2025-03-06T10:36:10.381+0100][gc,init] Heap Region Size: 1M
[2025-03-06T10:36:10.381+0100][gc,init] Heap Min Capacity: 512M
[2025-03-06T10:36:10.381+0100][gc,init] Heap Initial Capacity: 512M
[2025-03-06T10:36:10.381+0100][gc,init] Heap Max Capacity: 512M
[2025-03-06T10:36:10.381+0100][gc,init] Pre-touch: Disabled
[2025-03-06T10:36:10.381+0100][gc,init] Parallel Workers: 10
[2025-03-06T10:36:10.381+0100][gc,init] Concurrent Workers: 3
[2025-03-06T10:36:10.381+0100][gc,init] Concurrent Refinement Workers: 10
[2025-03-06T10:36:10.381+0100][gc,init] Periodic GC: Disabled
[2025-03-06T10:36:10.390+0100][gc,metaspace] CDS archive(s) mapped at: [0x00007f357f000000-0x00007f357fbc9000-0x00007f357fbc9000), size 12357632, SharedBaseAddress: 0x00007f357f000000, ArchiveRelocationMode: 1.
[2025-03-06T10:36:10.390+0100][gc,metaspace] Compressed class space mapped at: 0x00007f3580000000-0x00007f35c0000000, reserved size: 1073741824
[2025-03-06T10:36:10.390+0100][gc,metaspace] Narrow klass base: 0x00007f357f000000, Narrow klass shift: 0, Narrow klass range: 0x100000000
[2025-03-06T10:36:13.371+0100][gc,start    ] GC(0) Pause Young (Normal) (G1 Evacuation Pause)
[2025-03-06T10:36:13.374+0100][gc,task     ] GC(0) Using 10 workers of 10 for evacuation
[2025-03-06T10:36:13.388+0100][gc,phases   ] GC(0)   Pre Evacuate Collection Set: 0,1ms
[2025-03-06T10:36:13.388+0100][gc,phases   ] GC(0)   Merge Heap Roots: 0,1ms
[2025-03-06T10:36:13.388+0100][gc,phases   ] GC(0)   Evacuate Collection Set: 13,0ms
[2025-03-06T10:36:13.388+0100][gc,phases   ] GC(0)   Post Evacuate Collection Set: 0,7ms
[2025-03-06T10:36:13.388+0100][gc,phases   ] GC(0)   Other: 2,3ms
[2025-03-06T10:36:13.388+0100][gc,heap     ] GC(0) Eden regions: 25->0(21)
[2025-03-06T10:36:13.388+0100][gc,heap     ] GC(0) Survivor regions: 0->4(4)
[2025-03-06T10:36:13.388+0100][gc,heap     ] GC(0) Old regions: 0->4
[2025-03-06T10:36:13.388+0100][gc,heap     ] GC(0) Archive regions: 2->2
[2025-03-06T10:36:13.388+0100][gc,heap     ] GC(0) Humongous regions: 0->0
[2025-03-06T10:36:13.388+0100][gc,metaspace] GC(0) Metaspace: 7952K(8128K)->7952K(8128K) NonClass: 7064K(7168K)->7064K(7168K) Class: 888K(960K)->888K(960K)
[2025-03-06T10:36:13.388+0100][gc          ] GC(0) Pause Young (Normal) (G1 Evacuation Pause) 25M->8M(512M) 16,352ms
[2025-03-06T10:36:13.388+0100][gc,cpu      ] GC(0) User=0,06s Sys=0,08s Real=0,02s
[2025-03-06T10:38:21.529+0100][gc,heap,exit] Heap
[2025-03-06T10:38:21.530+0100][gc,heap,exit]  garbage-first heap   total 524288K, used 10632K [0x00000000e0000000, 0x0000000100000000)
[2025-03-06T10:38:21.530+0100][gc,heap,exit]   region size 1024K, 7 young (7168K), 4 survivors (4096K)
[2025-03-06T10:38:21.530+0100][gc,heap,exit]  Metaspace       used 7983K, committed 8128K, reserved 1114112K
[2025-03-06T10:38:21.530+0100][gc,heap,exit]   class space    used 892K, committed 960K, reserved 1048576K
